 MOOS

 Timestamp is 62e73bdb (Sun Jul 31 19:35:07 2022)

 Preferred load address is 0000000010000000

 Start         Length     Name                   Class
 0001:00000000 00000520H .text                   CODE
 0001:00000520 0002aee5H .text$mn                CODE
 0002:00000000 00000039H .unbox$M                CODE
 0003:00000000 0001df00H .managedcode$I          CODE
 0004:00000000 00037b70H .rdata                  DATA
 0004:00037b70 00000034H .rdata$voltmd           DATA
 0004:00037ba4 00000188H .rdata$zzzdbg           DATA
 0004:00037d2c 00006820H .xdata                  DATA
 0004:0003e54c 00000000H .edata                  DATA
 0005:00000000 000093c0H .data                   DATA
 0005:000093c0 00121680H .bss                    DATA
 0006:00000000 00002e80H .pdata                  DATA
 0007:00000000 00000008H .modules$I              DATA
 0008:00000000 0000033bH .msvcjmc                DATA
 0009:00000000 000000a0H .rsrc$01                DATA
 0009:000000a0 00000430H .rsrc$02                DATA

  Address         Publics by Value              Rva+Base               Lib:Object

 0000:00000000       __AbsoluteZero             0000000000000000     <absolute>
 0000:00000000       ___safe_se_handler_count   0000000000000000     <absolute>
 0000:00000000       ___safe_se_handler_table   0000000000000000     <absolute>
 0000:00000000       __arm64x_extra_rfe_table   0000000000000000     <absolute>
 0000:00000000       __arm64x_extra_rfe_table_size 0000000000000000     <absolute>
 0000:00000000       __arm64x_native_entrypoint 0000000000000000     <absolute>
 0000:00000000       __arm64x_redirection_metadata 0000000000000000     <absolute>
 0000:00000000       __arm64x_redirection_metadata_count 0000000000000000     <absolute>
 0000:00000000       __dynamic_value_reloc_table 0000000000000000     <absolute>
 0000:00000000       __enclave_config           0000000000000000     <absolute>
 0000:00000000       __guard_check_icall_a64n_fptr 0000000000000000     <absolute>
 0000:00000000       __guard_eh_cont_count      0000000000000000     <absolute>
 0000:00000000       __guard_eh_cont_table      0000000000000000     <absolute>
 0000:00000000       __guard_fids_count         0000000000000000     <absolute>
 0000:00000000       __guard_fids_table         0000000000000000     <absolute>
 0000:00000000       __guard_iat_count          0000000000000000     <absolute>
 0000:00000000       __guard_iat_table          0000000000000000     <absolute>
 0000:00000000       __guard_longjmp_count      0000000000000000     <absolute>
 0000:00000000       __guard_longjmp_table      0000000000000000     <absolute>
 0000:00000000       __hybrid_auxiliary_iat     0000000000000000     <absolute>
 0000:00000000       __hybrid_auxiliary_iat_copy 0000000000000000     <absolute>
 0000:00000000       __hybrid_code_map          0000000000000000     <absolute>
 0000:00000000       __hybrid_code_map_count    0000000000000000     <absolute>
 0000:00000000       __x64_code_ranges_to_entry_points 0000000000000000     <absolute>
 0000:00000000       __x64_code_ranges_to_entry_points_count 0000000000000000     <absolute>
 0000:00000100       __guard_flags              0000000000000100     <absolute>
 0000:00000000       __ImageBase                0000000010000000     <linker-defined>
 0001:00000000       __GetNonGCStaticBase_MOOS_Allocator 0000000010001000     MOOS.obj
 0001:00000008       __GetNonGCStaticBase_MOOS_GDT 0000000010001008     MOOS.obj
 0001:00000010       __GetNonGCStaticBase_MOOS_IDT 0000000010001010     MOOS.obj
 0001:00000018       __GetNonGCStaticBase_MOOS_MOOS_AC97 0000000010001018     MOOS.obj
 0001:00000020       __GetNonGCStaticBase_MOOS_MOOS_Framebuffer 0000000010001020     MOOS.obj
 0001:00000028       __GetNonGCStaticBase_MOOS_MOOS_Keyboard 0000000010001028     MOOS.obj
 0001:00000030       __GetNonGCStaticBase_MOOS_MOOS_PS2Mouse 0000000010001030     MOOS.obj
 0001:00000038       __GetNonGCStaticBase_MOOS_MOOS_RTC 0000000010001038     MOOS.obj
 0001:00000040       __GetNonGCStaticBase_MOOS_MOOS_SATA 0000000010001040     MOOS.obj
 0001:00000048       __GetNonGCStaticBase_MOOS_MOOS_INTs 0000000010001048     MOOS.obj
 0001:00000065       __GetNonGCStaticBase_MOOS_MOOS_Console 0000000010001065     MOOS.obj
 0001:0000006d       __GetNonGCStaticBase_MOOS_MOOS_FPSMeter 000000001000106d     MOOS.obj
 0001:00000075       __GetNonGCStaticBase_MOOS_MOOS_PageTable 0000000010001075     MOOS.obj
 0001:0000007d       __GetNonGCStaticBase_MOOS_MOOS_SMP 000000001000107d     MOOS.obj
 0001:00000085       __GetNonGCStaticBase_MOOS_MOOS_Misc_Audio 0000000010001085     MOOS.obj
 0001:0000008d       __GetNonGCStaticBase_MOOS_MOOS_Misc_GC 000000001000108d     MOOS.obj
 0001:00000095       __GetNonGCStaticBase_MOOS_MOOS_Misc_ThreadPool 0000000010001095     MOOS.obj
 0001:0000009d       __GetNonGCStaticBase_MOOS_MOOS_Misc_USB 000000001000109d     MOOS.obj
 0001:000000a5       __GetNonGCStaticBase_MOOS_MOOS_NET_MACAddress 00000000100010a5     MOOS.obj
 0001:000000c2       __GetNonGCStaticBase_MOOS_MOOS_NET_NetworkDevice 00000000100010c2     MOOS.obj
 0001:000000df       __GetNonGCStaticBase_MOOS_MOOS_NET_IPv4_ICMPClient 00000000100010df     MOOS.obj
 0001:000000fc       __GetNonGCStaticBase_MOOS_MOOS_NET_IPv4_IPPacket 00000000100010fc     MOOS.obj
 0001:00000104       __GetNonGCStaticBase_MOOS_MOOS_NET_IPv4_UDP_UdpClient 0000000010001104     MOOS.obj
 0001:00000121       __GetNonGCStaticBase_MOOS_MOOS_NET_IPv4_TCP_Tcp 0000000010001121     MOOS.obj
 0001:0000013e       __GetNonGCStaticBase_MOOS_MOOS_Driver_ACPI 000000001000113e     MOOS.obj
 0001:00000146       __GetNonGCStaticBase_MOOS_MOOS_Driver_EHCI 0000000010001146     MOOS.obj
 0001:0000014e       __GetNonGCStaticBase_MOOS_MOOS_Driver_HID 000000001000114e     MOOS.obj
 0001:00000156       __GetNonGCStaticBase_MOOS_MOOS_Driver_HPET 0000000010001156     MOOS.obj
 0001:0000015e       __GetNonGCStaticBase_MOOS_MOOS_Driver_Hub 000000001000115e     MOOS.obj
 0001:00000166       __GetNonGCStaticBase_MOOS_MOOS_Driver_Timer 0000000010001166     MOOS.obj
 0001:0000016e       __GetNonGCStaticBase_MOOS_System_TimeSpan 000000001000116e     MOOS.obj
 0001:00000176       __GetNonGCStaticBase_MOOS_System_Windows_WindowManager 0000000010001176     MOOS.obj
 0001:0000017e       __GetNonGCStaticBase_MOOS_System_Windows_Forms_Control 000000001000117e     MOOS.obj
 0001:00000186       __GetGCStaticBase_MOOS_IDT 0000000010001186     MOOS.obj
 0001:00000191       __GetGCStaticBase_MOOS_MOOS_Framebuffer 0000000010001191     MOOS.obj
 0001:0000019c       __GetGCStaticBase_MOOS_MOOS_Keyboard 000000001000119c     MOOS.obj
 0001:000001a7       __GetGCStaticBase_MOOS_MOOS_PCI 00000000100011a7     MOOS.obj
 0001:000001b2       __GetGCStaticBase_MOOS_MOOS_PIC 00000000100011b2     MOOS.obj
 0001:000001d2       __GetGCStaticBase_MOOS_MOOS_PS2Keyboard 00000000100011d2     MOOS.obj
 0001:000001dd       __GetGCStaticBase_MOOS_MOOS_PS2Mouse 00000000100011dd     MOOS.obj
 0001:000001e8       __GetGCStaticBase_MOOS_MOOS_SATA 00000000100011e8     MOOS.obj
 0001:000001f3       __GetGCStaticBase_MOOS_MOOS_INTs 00000000100011f3     MOOS.obj
 0001:00000213       __GetGCStaticBase_MOOS_MOOS_ASC16 0000000010001213     MOOS.obj
 0001:0000021e       __GetGCStaticBase_MOOS_MOOS_Console 000000001000121e     MOOS.obj
 0001:00000229       __GetGCStaticBase_MOOS_MOOS_Global 0000000010001229     MOOS.obj
 0001:00000234       __GetGCStaticBase_MOOS_MOOS_Misc_Audio 0000000010001234     MOOS.obj
 0001:0000023f       __GetGCStaticBase_MOOS_MOOS_Misc_BitFont 000000001000123f     MOOS.obj
 0001:0000024a       __GetGCStaticBase_MOOS_MOOS_Misc_Interrupts 000000001000124a     MOOS.obj
 0001:00000255       __GetGCStaticBase_MOOS_MOOS_Misc_ThreadPool 0000000010001255     MOOS.obj
 0001:00000260       __GetGCStaticBase_MOOS_MOOS_NET_MACAddress 0000000010001260     MOOS.obj
 0001:00000280       __GetGCStaticBase_MOOS_MOOS_NET_NetworkDevice 0000000010001280     MOOS.obj
 0001:000002a0       __GetGCStaticBase_MOOS_MOOS_NET_NetworkStack 00000000100012a0     MOOS.obj
 0001:000002ab       __GetGCStaticBase_MOOS_MOOS_NET_IPv4_Address 00000000100012ab     MOOS.obj
 0001:000002cb       __GetGCStaticBase_MOOS_MOOS_NET_IPv4_ICMPClient 00000000100012cb     MOOS.obj
 0001:000002eb       __GetGCStaticBase_MOOS_MOOS_NET_IPv4_OutgoingBuffer 00000000100012eb     MOOS.obj
 0001:000002f6       __GetGCStaticBase_MOOS_MOOS_NET_IPv4_UDP_UdpClient 00000000100012f6     MOOS.obj
 0001:00000316       __GetGCStaticBase_MOOS_MOOS_NET_IPv4_TCP_Tcp 0000000010001316     MOOS.obj
 0001:00000336       __GetGCStaticBase_MOOS_MOOS_NET_Config_DNSConfig 0000000010001336     MOOS.obj
 0001:00000356       __GetGCStaticBase_MOOS_MOOS_NET_Config_IPConfig 0000000010001356     MOOS.obj
 0001:00000376       __GetGCStaticBase_MOOS_MOOS_NET_Config_NetworkConfiguration 0000000010001376     MOOS.obj
 0001:00000396       __GetGCStaticBase_MOOS_MOOS_NET_ARP_ARPCache 0000000010001396     MOOS.obj
 0001:000003a1       __GetGCStaticBase_MOOS_MOOS_FS_Disk 00000000100013a1     MOOS.obj
 0001:000003ac       __GetGCStaticBase_MOOS_MOOS_FS_File 00000000100013ac     MOOS.obj
 0001:000003b7       __GetGCStaticBase_MOOS_MOOS_Driver_ACPI 00000000100013b7     MOOS.obj
 0001:000003c2       __GetGCStaticBase_MOOS_MOOS_Driver_HID 00000000100013c2     MOOS.obj
 0001:000003cd       __GetGCStaticBase_MOOS_MOOS_Driver_IDE 00000000100013cd     MOOS.obj
 0001:000003d8       __GetGCStaticBase_MOOS_MOOS_Driver_PCIDevice 00000000100013d8     MOOS.obj
 0001:000003f8       __GetGCStaticBase_MOOS_System_DateTime 00000000100013f8     MOOS.obj
 0001:00000403       __GetGCStaticBase_MOOS_System_UIFramebuffer 0000000010001403     MOOS.obj
 0001:00000423       __GetGCStaticBase_MOOS_System_Desktops_DesktopExtentions 0000000010001423     MOOS.obj
 0001:0000042e       __GetGCStaticBase_MOOS_System_Desktops_DesktopManager 000000001000142e     MOOS.obj
 0001:00000439       __GetGCStaticBase_MOOS_System_Windows_CursorManager 0000000010001439     MOOS.obj
 0001:00000444       __GetGCStaticBase_MOOS_System_Windows_MessageBox 0000000010001444     MOOS.obj
 0001:0000044f       __GetGCStaticBase_MOOS_System_Windows_WindowManager 000000001000144f     MOOS.obj
 0001:0000045a       __GetGCStaticBase_MOOS_System_Windows_Controls_Button 000000001000145a     MOOS.obj
 0001:00000465       __DelegateCtor_MOOS_System_Delegate__InitializeClosedInstance__MOOS_UIMoos__onMinus 0000000010001465     MOOS.obj
 0001:00000471       __DelegateCtor_MOOS_System_Delegate__InitializeClosedInstance__MOOS_UIMoos__onPlus 0000000010001471     MOOS.obj
 0001:0000047d       __DelegateCtor_MOOS_System_Delegate__InitializeClosedInstance__MOOS_UIMoos__onDelete 000000001000147d     MOOS.obj
 0001:00000489       __DelegateCtor_MOOS_System_Delegate__InitializeClosedInstance__MOOS_UIMoos__onEnter 0000000010001489     MOOS.obj
 0001:00000495       __DelegateCtor_MOOS_System_Delegate__InitializeClosedInstance__MOOS_UIMoos__onClick 0000000010001495     MOOS.obj
 0001:000004a1       __DelegateCtor_MOOS_System_Delegate__InitializeClosedInstance__MOOS_MOOS_NET_RTL8139__HandleNetworkInterrupt 00000000100014a1     MOOS.obj
 0001:000004ad       __DelegateCtor_MOOS_System_Delegate__InitializeClosedInstance__MOOS_MOOS_Driver_AMDPCNetII__HandleNetworkInterrupt 00000000100014ad     MOOS.obj
 0001:000004b9       __DelegateCtor_MOOS_System_Delegate__InitializeClosedInstance__MOOS_System_Desktops_Controls_DesktopDocker__onTermina 00000000100014b9     MOOS.obj
 0001:000004c5       __DelegateCtor_MOOS_System_Delegate__InitializeClosedInstance__MOOS_System_Windows_Controls_Slider__Keyboard_OnKeyChanged1 00000000100014c5     MOOS.obj
 0001:000004d1       __DelegateCtor_MOOS_System_Delegate__InitializeClosedInstance__MOOS_System_Windows_Controls_TextBox__Keyboard_OnKeyChanged 00000000100014d1     MOOS.obj
 0001:000004dd       __DelegateCtor_MOOS_System_Delegate__InitializeOpenStaticThunk__MOOS_MOOS_NET_NetworkStack__HandlePacket__MOOS_MOOS_NET_DataReceivedHandler__InvokeOpenStaticThunk 00000000100014dd     MOOS.obj
 0001:000004f0       __DelegateCtor_MOOS_System_Delegate__InitializeOpenStaticThunk__MOOS_System_Desktops_DesktopManager__onItemDesktop__MOOS_System_Action_1<System___Canon>__InvokeOpenStaticThunk 00000000100014f0     MOOS.obj
 0001:00000503       __DelegateCtor_MOOS_System_Delegate__InitializeOpenStaticThunk__MOOS_System_Desktops_DesktopManager__onItemClock__MOOS_System_Action_1<System___Canon>__InvokeOpenStaticThunk 0000000010001503     MOOS.obj
 0001:00000520       Movsb                      0000000010001520 f   NativeLib:mem.obj
 0001:00000560       Movsd                      0000000010001560 f   NativeLib:mem.obj
 0001:000005a0       Stosb                      00000000100015a0 f   NativeLib:mem.obj
 0001:000005f0       Stosd                      00000000100015f0 f   NativeLib:mem.obj
 0001:00000640       __JustMyCode_Default       0000000010001640 f i NativeLib:mem.obj
 0001:00000650       avx_memcpy                 0000000010001650 f   NativeLib:mem.obj
 0001:00000750       Load_GDT                   0000000010001750 f   NativeLib:interrupts.obj
 0001:00000780       idt_set                    0000000010001780 f   NativeLib:interrupts.obj
 0001:00000860       set_idt_entries            0000000010001860 f   NativeLib:interrupts.obj
 0001:000027a0       CPUID                      00000000100037a0 f   NativeLib:native.obj
 0001:000027f0       Cli                        00000000100037f0 f   NativeLib:native.obj
 0001:00002820       Fxrstor64                  0000000010003820 f   NativeLib:native.obj
 0001:00002850       Fxsave64                   0000000010003850 f   NativeLib:native.obj
 0001:00002880       Hlt                        0000000010003880 f   NativeLib:native.obj
 0001:000028b0       Invlpg                     00000000100038b0 f   NativeLib:native.obj
 0001:000028e0       Nop                        00000000100038e0 f   NativeLib:native.obj
 0001:00002900       Rdmsr                      0000000010003900 f   NativeLib:native.obj
 0001:00002930       Rdtsc                      0000000010003930 f   NativeLib:native.obj
 0001:00002960       ReadCR2                    0000000010003960 f   NativeLib:native.obj
 0001:00002980       Sti                        0000000010003980 f   NativeLib:native.obj
 0001:000029b0       WriteCR3                   00000000100039b0 f   NativeLib:native.obj
 0001:000029e0       Wrmsr                      00000000100039e0 f   NativeLib:native.obj
 0001:00002a20       isr0                       0000000010003a20 f   NativeLib:interrupts_asm.obj
 0001:00002a66       isr1                       0000000010003a66 f   NativeLib:interrupts_asm.obj
 0001:00002aac       isr2                       0000000010003aac f   NativeLib:interrupts_asm.obj
 0001:00002af2       isr3                       0000000010003af2 f   NativeLib:interrupts_asm.obj
 0001:00002b38       isr4                       0000000010003b38 f   NativeLib:interrupts_asm.obj
 0001:00002b7e       isr5                       0000000010003b7e f   NativeLib:interrupts_asm.obj
 0001:00002bc4       isr6                       0000000010003bc4 f   NativeLib:interrupts_asm.obj
 0001:00002c0a       isr7                       0000000010003c0a f   NativeLib:interrupts_asm.obj
 0001:00002c50       isr8                       0000000010003c50 f   NativeLib:interrupts_asm.obj
 0001:00002c96       isr9                       0000000010003c96 f   NativeLib:interrupts_asm.obj
 0001:00002cdc       isr10                      0000000010003cdc f   NativeLib:interrupts_asm.obj
 0001:00002d22       isr11                      0000000010003d22 f   NativeLib:interrupts_asm.obj
 0001:00002d68       isr12                      0000000010003d68 f   NativeLib:interrupts_asm.obj
 0001:00002dae       isr13                      0000000010003dae f   NativeLib:interrupts_asm.obj
 0001:00002df4       isr14                      0000000010003df4 f   NativeLib:interrupts_asm.obj
 0001:00002e3a       isr15                      0000000010003e3a f   NativeLib:interrupts_asm.obj
 0001:00002e80       isr16                      0000000010003e80 f   NativeLib:interrupts_asm.obj
 0001:00002ec6       isr17                      0000000010003ec6 f   NativeLib:interrupts_asm.obj
 0001:00002f0c       isr18                      0000000010003f0c f   NativeLib:interrupts_asm.obj
 0001:00002f52       isr19                      0000000010003f52 f   NativeLib:interrupts_asm.obj
 0001:00002f98       isr20                      0000000010003f98 f   NativeLib:interrupts_asm.obj
 0001:00002fde       isr21                      0000000010003fde f   NativeLib:interrupts_asm.obj
 0001:00003024       isr22                      0000000010004024 f   NativeLib:interrupts_asm.obj
 0001:0000306a       isr23                      000000001000406a f   NativeLib:interrupts_asm.obj
 0001:000030b0       isr24                      00000000100040b0 f   NativeLib:interrupts_asm.obj
 0001:000030f6       isr25                      00000000100040f6 f   NativeLib:interrupts_asm.obj
 0001:0000313c       isr26                      000000001000413c f   NativeLib:interrupts_asm.obj
 0001:00003182       isr27                      0000000010004182 f   NativeLib:interrupts_asm.obj
 0001:000031c8       isr28                      00000000100041c8 f   NativeLib:interrupts_asm.obj
 0001:0000320e       isr29                      000000001000420e f   NativeLib:interrupts_asm.obj
 0001:00003254       isr30                      0000000010004254 f   NativeLib:interrupts_asm.obj
 0001:0000329a       isr31                      000000001000429a f   NativeLib:interrupts_asm.obj
 0001:000032e0       isr128                     00000000100042e0 f   NativeLib:interrupts_asm.obj
 0001:00003329       irq0                       0000000010004329 f   NativeLib:interrupts_asm.obj
 0001:0000336f       irq1                       000000001000436f f   NativeLib:interrupts_asm.obj
 0001:000033b5       irq2                       00000000100043b5 f   NativeLib:interrupts_asm.obj
 0001:000033fb       irq3                       00000000100043fb f   NativeLib:interrupts_asm.obj
 0001:00003441       irq4                       0000000010004441 f   NativeLib:interrupts_asm.obj
 0001:00003487       irq5                       0000000010004487 f   NativeLib:interrupts_asm.obj
 0001:000034cd       irq6                       00000000100044cd f   NativeLib:interrupts_asm.obj
 0001:00003513       irq7                       0000000010004513 f   NativeLib:interrupts_asm.obj
 0001:00003559       irq8                       0000000010004559 f   NativeLib:interrupts_asm.obj
 0001:0000359f       irq9                       000000001000459f f   NativeLib:interrupts_asm.obj
 0001:000035e5       irq10                      00000000100045e5 f   NativeLib:interrupts_asm.obj
 0001:0000362b       irq11                      000000001000462b f   NativeLib:interrupts_asm.obj
 0001:00003671       irq12                      0000000010004671 f   NativeLib:interrupts_asm.obj
 0001:000036b7       irq13                      00000000100046b7 f   NativeLib:interrupts_asm.obj
 0001:000036fd       irq14                      00000000100046fd f   NativeLib:interrupts_asm.obj
 0001:00003743       irq15                      0000000010004743 f   NativeLib:interrupts_asm.obj
 0001:00003789       irq16                      0000000010004789 f   NativeLib:interrupts_asm.obj
 0001:000037cf       irq17                      00000000100047cf f   NativeLib:interrupts_asm.obj
 0001:00003815       irq18                      0000000010004815 f   NativeLib:interrupts_asm.obj
 0001:0000385b       irq19                      000000001000485b f   NativeLib:interrupts_asm.obj
 0001:000038a1       irq20                      00000000100048a1 f   NativeLib:interrupts_asm.obj
 0001:000038e7       irq21                      00000000100048e7 f   NativeLib:interrupts_asm.obj
 0001:0000392d       irq22                      000000001000492d f   NativeLib:interrupts_asm.obj
 0001:00003973       irq23                      0000000010004973 f   NativeLib:interrupts_asm.obj
 0001:000039b9       irq24                      00000000100049b9 f   NativeLib:interrupts_asm.obj
 0001:000039ff       irq25                      00000000100049ff f   NativeLib:interrupts_asm.obj
 0001:00003a45       irq26                      0000000010004a45 f   NativeLib:interrupts_asm.obj
 0001:00003a8b       irq27                      0000000010004a8b f   NativeLib:interrupts_asm.obj
 0001:00003ad1       irq28                      0000000010004ad1 f   NativeLib:interrupts_asm.obj
 0001:00003b17       irq29                      0000000010004b17 f   NativeLib:interrupts_asm.obj
 0001:00003b5d       irq30                      0000000010004b5d f   NativeLib:interrupts_asm.obj
 0001:00003ba3       irq31                      0000000010004ba3 f   NativeLib:interrupts_asm.obj
 0001:00003be9       irq32                      0000000010004be9 f   NativeLib:interrupts_asm.obj
 0001:00003c2f       irq33                      0000000010004c2f f   NativeLib:interrupts_asm.obj
 0001:00003c75       irq34                      0000000010004c75 f   NativeLib:interrupts_asm.obj
 0001:00003cbb       irq35                      0000000010004cbb f   NativeLib:interrupts_asm.obj
 0001:00003d01       irq36                      0000000010004d01 f   NativeLib:interrupts_asm.obj
 0001:00003d47       irq37                      0000000010004d47 f   NativeLib:interrupts_asm.obj
 0001:00003d8d       irq38                      0000000010004d8d f   NativeLib:interrupts_asm.obj
 0001:00003dd3       irq39                      0000000010004dd3 f   NativeLib:interrupts_asm.obj
 0001:00003e19       irq40                      0000000010004e19 f   NativeLib:interrupts_asm.obj
 0001:00003e5f       irq41                      0000000010004e5f f   NativeLib:interrupts_asm.obj
 0001:00003ea5       irq42                      0000000010004ea5 f   NativeLib:interrupts_asm.obj
 0001:00003eeb       irq43                      0000000010004eeb f   NativeLib:interrupts_asm.obj
 0001:00003f31       irq44                      0000000010004f31 f   NativeLib:interrupts_asm.obj
 0001:00003f77       irq45                      0000000010004f77 f   NativeLib:interrupts_asm.obj
 0001:00003fbd       irq46                      0000000010004fbd f   NativeLib:interrupts_asm.obj
 0001:00004003       irq47                      0000000010005003 f   NativeLib:interrupts_asm.obj
 0001:00004049       irq48                      0000000010005049 f   NativeLib:interrupts_asm.obj
 0001:0000408f       irq49                      000000001000508f f   NativeLib:interrupts_asm.obj
 0001:000040d5       irq50                      00000000100050d5 f   NativeLib:interrupts_asm.obj
 0001:0000411b       irq51                      000000001000511b f   NativeLib:interrupts_asm.obj
 0001:00004161       irq52                      0000000010005161 f   NativeLib:interrupts_asm.obj
 0001:000041a7       irq53                      00000000100051a7 f   NativeLib:interrupts_asm.obj
 0001:000041ed       irq54                      00000000100051ed f   NativeLib:interrupts_asm.obj
 0001:00004233       irq55                      0000000010005233 f   NativeLib:interrupts_asm.obj
 0001:00004279       irq56                      0000000010005279 f   NativeLib:interrupts_asm.obj
 0001:000042bf       irq57                      00000000100052bf f   NativeLib:interrupts_asm.obj
 0001:00004305       irq58                      0000000010005305 f   NativeLib:interrupts_asm.obj
 0001:0000434b       irq59                      000000001000534b f   NativeLib:interrupts_asm.obj
 0001:00004391       irq60                      0000000010005391 f   NativeLib:interrupts_asm.obj
 0001:000043d7       irq61                      00000000100053d7 f   NativeLib:interrupts_asm.obj
 0001:0000441d       irq62                      000000001000541d f   NativeLib:interrupts_asm.obj
 0001:00004463       irq63                      0000000010005463 f   NativeLib:interrupts_asm.obj
 0001:000044a9       irq64                      00000000100054a9 f   NativeLib:interrupts_asm.obj
 0001:000044ef       irq65                      00000000100054ef f   NativeLib:interrupts_asm.obj
 0001:00004535       irq66                      0000000010005535 f   NativeLib:interrupts_asm.obj
 0001:0000457b       irq67                      000000001000557b f   NativeLib:interrupts_asm.obj
 0001:000045c1       irq68                      00000000100055c1 f   NativeLib:interrupts_asm.obj
 0001:00004607       irq69                      0000000010005607 f   NativeLib:interrupts_asm.obj
 0001:0000464d       irq70                      000000001000564d f   NativeLib:interrupts_asm.obj
 0001:00004693       irq71                      0000000010005693 f   NativeLib:interrupts_asm.obj
 0001:000046d9       irq72                      00000000100056d9 f   NativeLib:interrupts_asm.obj
 0001:0000471f       irq73                      000000001000571f f   NativeLib:interrupts_asm.obj
 0001:00004765       irq74                      0000000010005765 f   NativeLib:interrupts_asm.obj
 0001:000047ab       irq75                      00000000100057ab f   NativeLib:interrupts_asm.obj
 0001:000047f1       irq76                      00000000100057f1 f   NativeLib:interrupts_asm.obj
 0001:00004837       irq77                      0000000010005837 f   NativeLib:interrupts_asm.obj
 0001:0000487d       irq78                      000000001000587d f   NativeLib:interrupts_asm.obj
 0001:000048c3       irq79                      00000000100058c3 f   NativeLib:interrupts_asm.obj
 0001:00004909       irq80                      0000000010005909 f   NativeLib:interrupts_asm.obj
 0001:0000494f       irq81                      000000001000594f f   NativeLib:interrupts_asm.obj
 0001:00004995       irq82                      0000000010005995 f   NativeLib:interrupts_asm.obj
 0001:000049db       irq83                      00000000100059db f   NativeLib:interrupts_asm.obj
 0001:00004a21       irq84                      0000000010005a21 f   NativeLib:interrupts_asm.obj
 0001:00004a67       irq85                      0000000010005a67 f   NativeLib:interrupts_asm.obj
 0001:00004aad       irq86                      0000000010005aad f   NativeLib:interrupts_asm.obj
 0001:00004af3       irq87                      0000000010005af3 f   NativeLib:interrupts_asm.obj
 0001:00004b39       irq88                      0000000010005b39 f   NativeLib:interrupts_asm.obj
 0001:00004b7f       irq89                      0000000010005b7f f   NativeLib:interrupts_asm.obj
 0001:00004bc5       irq90                      0000000010005bc5 f   NativeLib:interrupts_asm.obj
 0001:00004c0b       irq91                      0000000010005c0b f   NativeLib:interrupts_asm.obj
 0001:00004c51       irq92                      0000000010005c51 f   NativeLib:interrupts_asm.obj
 0001:00004c97       irq93                      0000000010005c97 f   NativeLib:interrupts_asm.obj
 0001:00004cdd       irq94                      0000000010005cdd f   NativeLib:interrupts_asm.obj
 0001:00004d23       irq95                      0000000010005d23 f   NativeLib:interrupts_asm.obj
 0001:00004d69       irq96                      0000000010005d69 f   NativeLib:interrupts_asm.obj
 0001:00004daf       irq97                      0000000010005daf f   NativeLib:interrupts_asm.obj
 0001:00004df5       irq98                      0000000010005df5 f   NativeLib:interrupts_asm.obj
 0001:00004e3b       irq99                      0000000010005e3b f   NativeLib:interrupts_asm.obj
 0001:00004e81       irq100                     0000000010005e81 f   NativeLib:interrupts_asm.obj
 0001:00004ec7       irq101                     0000000010005ec7 f   NativeLib:interrupts_asm.obj
 0001:00004f0d       irq102                     0000000010005f0d f   NativeLib:interrupts_asm.obj
 0001:00004f53       irq103                     0000000010005f53 f   NativeLib:interrupts_asm.obj
 0001:00004f99       irq104                     0000000010005f99 f   NativeLib:interrupts_asm.obj
 0001:00004fdf       irq105                     0000000010005fdf f   NativeLib:interrupts_asm.obj
 0001:00005025       irq106                     0000000010006025 f   NativeLib:interrupts_asm.obj
 0001:0000506b       irq107                     000000001000606b f   NativeLib:interrupts_asm.obj
 0001:000050b1       irq108                     00000000100060b1 f   NativeLib:interrupts_asm.obj
 0001:000050f7       irq109                     00000000100060f7 f   NativeLib:interrupts_asm.obj
 0001:0000513d       irq110                     000000001000613d f   NativeLib:interrupts_asm.obj
 0001:00005183       irq111                     0000000010006183 f   NativeLib:interrupts_asm.obj
 0001:000051c9       irq112                     00000000100061c9 f   NativeLib:interrupts_asm.obj
 0001:0000520f       irq113                     000000001000620f f   NativeLib:interrupts_asm.obj
 0001:00005255       irq114                     0000000010006255 f   NativeLib:interrupts_asm.obj
 0001:0000529b       irq115                     000000001000629b f   NativeLib:interrupts_asm.obj
 0001:000052e1       irq116                     00000000100062e1 f   NativeLib:interrupts_asm.obj
 0001:00005327       irq117                     0000000010006327 f   NativeLib:interrupts_asm.obj
 0001:0000536d       irq118                     000000001000636d f   NativeLib:interrupts_asm.obj
 0001:000053b3       irq119                     00000000100063b3 f   NativeLib:interrupts_asm.obj
 0001:000053f9       irq120                     00000000100063f9 f   NativeLib:interrupts_asm.obj
 0001:0000543f       irq121                     000000001000643f f   NativeLib:interrupts_asm.obj
 0001:00005485       irq122                     0000000010006485 f   NativeLib:interrupts_asm.obj
 0001:000054cb       irq123                     00000000100064cb f   NativeLib:interrupts_asm.obj
 0001:00005511       irq124                     0000000010006511 f   NativeLib:interrupts_asm.obj
 0001:00005557       irq125                     0000000010006557 f   NativeLib:interrupts_asm.obj
 0001:0000559d       irq126                     000000001000659d f   NativeLib:interrupts_asm.obj
 0001:000055e3       irq127                     00000000100065e3 f   NativeLib:interrupts_asm.obj
 0001:00005629       irq128                     0000000010006629 f   NativeLib:interrupts_asm.obj
 0001:00005672       irq129                     0000000010006672 f   NativeLib:interrupts_asm.obj
 0001:000056bb       irq130                     00000000100066bb f   NativeLib:interrupts_asm.obj
 0001:00005704       irq131                     0000000010006704 f   NativeLib:interrupts_asm.obj
 0001:0000574d       irq132                     000000001000674d f   NativeLib:interrupts_asm.obj
 0001:00005796       irq133                     0000000010006796 f   NativeLib:interrupts_asm.obj
 0001:000057df       irq134                     00000000100067df f   NativeLib:interrupts_asm.obj
 0001:00005828       irq135                     0000000010006828 f   NativeLib:interrupts_asm.obj
 0001:00005871       irq136                     0000000010006871 f   NativeLib:interrupts_asm.obj
 0001:000058ba       irq137                     00000000100068ba f   NativeLib:interrupts_asm.obj
 0001:00005903       irq138                     0000000010006903 f   NativeLib:interrupts_asm.obj
 0001:0000594c       irq139                     000000001000694c f   NativeLib:interrupts_asm.obj
 0001:00005995       irq140                     0000000010006995 f   NativeLib:interrupts_asm.obj
 0001:000059de       irq141                     00000000100069de f   NativeLib:interrupts_asm.obj
 0001:00005a27       irq142                     0000000010006a27 f   NativeLib:interrupts_asm.obj
 0001:00005a70       irq143                     0000000010006a70 f   NativeLib:interrupts_asm.obj
 0001:00005ab9       irq144                     0000000010006ab9 f   NativeLib:interrupts_asm.obj
 0001:00005b02       irq145                     0000000010006b02 f   NativeLib:interrupts_asm.obj
 0001:00005b4b       irq146                     0000000010006b4b f   NativeLib:interrupts_asm.obj
 0001:00005b94       irq147                     0000000010006b94 f   NativeLib:interrupts_asm.obj
 0001:00005bdd       irq148                     0000000010006bdd f   NativeLib:interrupts_asm.obj
 0001:00005c26       irq149                     0000000010006c26 f   NativeLib:interrupts_asm.obj
 0001:00005c6f       irq150                     0000000010006c6f f   NativeLib:interrupts_asm.obj
 0001:00005cb8       irq151                     0000000010006cb8 f   NativeLib:interrupts_asm.obj
 0001:00005d01       irq152                     0000000010006d01 f   NativeLib:interrupts_asm.obj
 0001:00005d4a       irq153                     0000000010006d4a f   NativeLib:interrupts_asm.obj
 0001:00005d93       irq154                     0000000010006d93 f   NativeLib:interrupts_asm.obj
 0001:00005ddc       irq155                     0000000010006ddc f   NativeLib:interrupts_asm.obj
 0001:00005e25       irq156                     0000000010006e25 f   NativeLib:interrupts_asm.obj
 0001:00005e6e       irq157                     0000000010006e6e f   NativeLib:interrupts_asm.obj
 0001:00005eb7       irq158                     0000000010006eb7 f   NativeLib:interrupts_asm.obj
 0001:00005f00       irq159                     0000000010006f00 f   NativeLib:interrupts_asm.obj
 0001:00005f49       irq160                     0000000010006f49 f   NativeLib:interrupts_asm.obj
 0001:00005f92       irq161                     0000000010006f92 f   NativeLib:interrupts_asm.obj
 0001:00005fdb       irq162                     0000000010006fdb f   NativeLib:interrupts_asm.obj
 0001:00006024       irq163                     0000000010007024 f   NativeLib:interrupts_asm.obj
 0001:0000606d       irq164                     000000001000706d f   NativeLib:interrupts_asm.obj
 0001:000060b6       irq165                     00000000100070b6 f   NativeLib:interrupts_asm.obj
 0001:000060ff       irq166                     00000000100070ff f   NativeLib:interrupts_asm.obj
 0001:00006148       irq167                     0000000010007148 f   NativeLib:interrupts_asm.obj
 0001:00006191       irq168                     0000000010007191 f   NativeLib:interrupts_asm.obj
 0001:000061da       irq169                     00000000100071da f   NativeLib:interrupts_asm.obj
 0001:00006223       irq170                     0000000010007223 f   NativeLib:interrupts_asm.obj
 0001:0000626c       irq171                     000000001000726c f   NativeLib:interrupts_asm.obj
 0001:000062b5       irq172                     00000000100072b5 f   NativeLib:interrupts_asm.obj
 0001:000062fe       irq173                     00000000100072fe f   NativeLib:interrupts_asm.obj
 0001:00006347       irq174                     0000000010007347 f   NativeLib:interrupts_asm.obj
 0001:00006390       irq175                     0000000010007390 f   NativeLib:interrupts_asm.obj
 0001:000063d9       irq176                     00000000100073d9 f   NativeLib:interrupts_asm.obj
 0001:00006422       irq177                     0000000010007422 f   NativeLib:interrupts_asm.obj
 0001:0000646b       irq178                     000000001000746b f   NativeLib:interrupts_asm.obj
 0001:000064b4       irq179                     00000000100074b4 f   NativeLib:interrupts_asm.obj
 0001:000064fd       irq180                     00000000100074fd f   NativeLib:interrupts_asm.obj
 0001:00006546       irq181                     0000000010007546 f   NativeLib:interrupts_asm.obj
 0001:0000658f       irq182                     000000001000758f f   NativeLib:interrupts_asm.obj
 0001:000065d8       irq183                     00000000100075d8 f   NativeLib:interrupts_asm.obj
 0001:00006621       irq184                     0000000010007621 f   NativeLib:interrupts_asm.obj
 0001:0000666a       irq185                     000000001000766a f   NativeLib:interrupts_asm.obj
 0001:000066b3       irq186                     00000000100076b3 f   NativeLib:interrupts_asm.obj
 0001:000066fc       irq187                     00000000100076fc f   NativeLib:interrupts_asm.obj
 0001:00006745       irq188                     0000000010007745 f   NativeLib:interrupts_asm.obj
 0001:0000678e       irq189                     000000001000778e f   NativeLib:interrupts_asm.obj
 0001:000067d7       irq190                     00000000100077d7 f   NativeLib:interrupts_asm.obj
 0001:00006820       irq191                     0000000010007820 f   NativeLib:interrupts_asm.obj
 0001:00006869       irq192                     0000000010007869 f   NativeLib:interrupts_asm.obj
 0001:000068b2       irq193                     00000000100078b2 f   NativeLib:interrupts_asm.obj
 0001:000068fb       irq194                     00000000100078fb f   NativeLib:interrupts_asm.obj
 0001:00006944       irq195                     0000000010007944 f   NativeLib:interrupts_asm.obj
 0001:0000698d       irq196                     000000001000798d f   NativeLib:interrupts_asm.obj
 0001:000069d6       irq197                     00000000100079d6 f   NativeLib:interrupts_asm.obj
 0001:00006a1f       irq198                     0000000010007a1f f   NativeLib:interrupts_asm.obj
 0001:00006a68       irq199                     0000000010007a68 f   NativeLib:interrupts_asm.obj
 0001:00006ab1       irq200                     0000000010007ab1 f   NativeLib:interrupts_asm.obj
 0001:00006afa       irq201                     0000000010007afa f   NativeLib:interrupts_asm.obj
 0001:00006b43       irq202                     0000000010007b43 f   NativeLib:interrupts_asm.obj
 0001:00006b8c       irq203                     0000000010007b8c f   NativeLib:interrupts_asm.obj
 0001:00006bd5       irq204                     0000000010007bd5 f   NativeLib:interrupts_asm.obj
 0001:00006c1e       irq205                     0000000010007c1e f   NativeLib:interrupts_asm.obj
 0001:00006c67       irq206                     0000000010007c67 f   NativeLib:interrupts_asm.obj
 0001:00006cb0       irq207                     0000000010007cb0 f   NativeLib:interrupts_asm.obj
 0001:00006cf9       irq208                     0000000010007cf9 f   NativeLib:interrupts_asm.obj
 0001:00006d42       irq209                     0000000010007d42 f   NativeLib:interrupts_asm.obj
 0001:00006d8b       irq210                     0000000010007d8b f   NativeLib:interrupts_asm.obj
 0001:00006dd4       irq211                     0000000010007dd4 f   NativeLib:interrupts_asm.obj
 0001:00006e1d       irq212                     0000000010007e1d f   NativeLib:interrupts_asm.obj
 0001:00006e66       irq213                     0000000010007e66 f   NativeLib:interrupts_asm.obj
 0001:00006eaf       irq214                     0000000010007eaf f   NativeLib:interrupts_asm.obj
 0001:00006ef8       irq215                     0000000010007ef8 f   NativeLib:interrupts_asm.obj
 0001:00006f41       irq216                     0000000010007f41 f   NativeLib:interrupts_asm.obj
 0001:00006f8a       irq217                     0000000010007f8a f   NativeLib:interrupts_asm.obj
 0001:00006fd3       irq218                     0000000010007fd3 f   NativeLib:interrupts_asm.obj
 0001:0000701c       irq219                     000000001000801c f   NativeLib:interrupts_asm.obj
 0001:00007065       irq220                     0000000010008065 f   NativeLib:interrupts_asm.obj
 0001:000070ae       irq221                     00000000100080ae f   NativeLib:interrupts_asm.obj
 0001:000070f7       irq222                     00000000100080f7 f   NativeLib:interrupts_asm.obj
 0001:00007140       irq223                     0000000010008140 f   NativeLib:interrupts_asm.obj
 0001:00007189       _reload_segreg             0000000010008189 f   NativeLib:interrupts_asm.obj
 0001:000071b0       Load_IDT                   00000000100081b0 f   NativeLib:interrupts_asm.obj
 0001:000071b4       _cli                       00000000100081b4 f   NativeLib:interrupts_asm.obj
 0001:000071b6       _sti                       00000000100081b6 f   NativeLib:interrupts_asm.obj
 0001:000071b8       _hlt                       00000000100081b8 f   NativeLib:interrupts_asm.obj
 0001:000071ba       _inttest                   00000000100081ba f   NativeLib:interrupts_asm.obj
 0001:000071c4       _iretq                     00000000100081c4 f   NativeLib:interrupts_asm.obj
 0001:000071df       _int20h                    00000000100081df f   NativeLib:interrupts_asm.obj
 0001:000071f0       In16                       00000000100081f0 f   NativeLib:io.obj
 0001:00007220       In32                       0000000010008220 f   NativeLib:io.obj
 0001:00007250       In8                        0000000010008250 f   NativeLib:io.obj
 0001:00007280       Insb                       0000000010008280 f   NativeLib:io.obj
 0001:000072c0       Insd                       00000000100082c0 f   NativeLib:io.obj
 0001:00007300       Insw                       0000000010008300 f   NativeLib:io.obj
 0001:00007340       Out16                      0000000010008340 f   NativeLib:io.obj
 0001:00007370       Out32                      0000000010008370 f   NativeLib:io.obj
 0001:000073a0       Out8                       00000000100083a0 f   NativeLib:io.obj
 0001:000073d0       Outsb                      00000000100083d0 f   NativeLib:io.obj
 0001:00007410       Outsd                      0000000010008410 f   NativeLib:io.obj
 0001:00007450       Outsw                      0000000010008450 f   NativeLib:io.obj
 0001:00007490       enable_avx                 0000000010008490 f   NativeLib:misc.obj
 0001:000074a3       enable_sse                 00000000100084a3 f   NativeLib:misc.obj
 0001:000074b6       Schedule_Next              00000000100084b6 f   NativeLib:misc.obj
 0001:000074d0       fatfs_init                 00000000100084d0 f   NativeLib:fatfs.obj
 0001:00007550       format_exfat               0000000010008550 f   NativeLib:fatfs.obj
 0001:000075d0       get_files                  00000000100085d0 f   NativeLib:fatfs.obj
 0001:00007710       read_all_bytes             0000000010008710 f   NativeLib:fatfs.obj
 0001:000077d0       write_all_bytes            00000000100087d0 f   NativeLib:fatfs.obj
 0001:00012cc0       lodepng_add_itext          0000000010013cc0 f   NativeLib:lodepng.obj
 0001:00012f00       lodepng_add_text           0000000010013f00 f   NativeLib:lodepng.obj
 0001:000131c0       lodepng_can_have_alpha     00000000100141c0 f   NativeLib:lodepng.obj
 0001:00013220       lodepng_chunk_ancillary    0000000010014220 f   NativeLib:lodepng.obj
 0001:00013270       lodepng_chunk_append       0000000010014270 f   NativeLib:lodepng.obj
 0001:00013390       lodepng_chunk_check_crc    0000000010014390 f   NativeLib:lodepng.obj
 0001:00013420       lodepng_chunk_create       0000000010014420 f   NativeLib:lodepng.obj
 0001:00013550       lodepng_chunk_data         0000000010014550 f   NativeLib:lodepng.obj
 0001:00013590       lodepng_chunk_data_const   0000000010014590 f   NativeLib:lodepng.obj
 0001:000135d0       lodepng_chunk_find         00000000100145d0 f   NativeLib:lodepng.obj
 0001:00013650       lodepng_chunk_find_const   0000000010014650 f   NativeLib:lodepng.obj
 0001:000136d0       lodepng_chunk_generate_crc 00000000100146d0 f   NativeLib:lodepng.obj
 0001:00013820       lodepng_chunk_length       0000000010014820 f   NativeLib:lodepng.obj
 0001:00013860       lodepng_chunk_next         0000000010014860 f   NativeLib:lodepng.obj
 0001:000139c0       lodepng_chunk_next_const   00000000100149c0 f   NativeLib:lodepng.obj
 0001:00013b20       lodepng_chunk_private      0000000010014b20 f   NativeLib:lodepng.obj
 0001:00013b70       lodepng_chunk_safetocopy   0000000010014b70 f   NativeLib:lodepng.obj
 0001:00013bc0       lodepng_chunk_type         0000000010014bc0 f   NativeLib:lodepng.obj
 0001:00013c30       lodepng_chunk_type_equals  0000000010014c30 f   NativeLib:lodepng.obj
 0001:00013d20       lodepng_clear_icc          0000000010014d20 f   NativeLib:lodepng.obj
 0001:00013d90       lodepng_clear_itext        0000000010014d90 f   NativeLib:lodepng.obj
 0001:00013dc0       lodepng_clear_text         0000000010014dc0 f   NativeLib:lodepng.obj
 0001:00013ea0       lodepng_color_mode_cleanup 0000000010014ea0 f   NativeLib:lodepng.obj
 0001:00013ed0       lodepng_color_mode_copy    0000000010014ed0 f   NativeLib:lodepng.obj
 0001:000140b0       lodepng_color_mode_init    00000000100150b0 f   NativeLib:lodepng.obj
 0001:00014130       lodepng_color_mode_make    0000000010015130 f   NativeLib:lodepng.obj
 0001:000142d0       lodepng_color_stats_init   00000000100152d0 f   NativeLib:lodepng.obj
 0001:00014380       lodepng_compress_settings_init 0000000010015380 f   NativeLib:lodepng.obj
 0001:00014410       lodepng_compute_color_stats 0000000010015410 f   NativeLib:lodepng.obj
 0001:000152e0       lodepng_convert            00000000100162e0 f   NativeLib:lodepng.obj
 0001:00015820       lodepng_convert_rgb        0000000010016820 f   NativeLib:lodepng.obj
 0001:00015b60       lodepng_crc32              0000000010016b60 f   NativeLib:lodepng.obj
 0001:00015bf0       lodepng_decode             0000000010016bf0 f   NativeLib:lodepng.obj
 0001:00015de0       lodepng_decode24           0000000010016de0 f   NativeLib:lodepng.obj
 0001:00015e50       lodepng_decode32           0000000010016e50 f   NativeLib:lodepng.obj
 0001:00015ec0       lodepng_decode_memory      0000000010016ec0 f   NativeLib:lodepng.obj
 0001:00015f90       lodepng_decoder_settings_init 0000000010016f90 f   NativeLib:lodepng.obj
 0001:00016020       lodepng_decompress_settings_init 0000000010017020 f   NativeLib:lodepng.obj
 0001:00016090       lodepng_deflate            0000000010017090 f   NativeLib:lodepng.obj
 0001:000163a0       lodepng_encode             00000000100173a0 f   NativeLib:lodepng.obj
 0001:000173a0       lodepng_encode24           00000000100183a0 f   NativeLib:lodepng.obj
 0001:00017400       lodepng_encode32           0000000010018400 f   NativeLib:lodepng.obj
 0001:00017460       lodepng_encode_memory      0000000010018460 f   NativeLib:lodepng.obj
 0001:00017520       lodepng_encoder_settings_init 0000000010018520 f   NativeLib:lodepng.obj
 0001:000175a0       lodepng_error_text         00000000100185a0 f   NativeLib:lodepng.obj
 0001:00017c70       lodepng_get_bpp            0000000010018c70 f   NativeLib:lodepng.obj
 0001:00017ce0       lodepng_get_channels       0000000010018ce0 f   NativeLib:lodepng.obj
 0001:00017d10       lodepng_get_raw_size       0000000010018d10 f   NativeLib:lodepng.obj
 0001:00017ef0       lodepng_has_palette_alpha  0000000010018ef0 f   NativeLib:lodepng.obj
 0001:00017f60       lodepng_huffman_code_lengths 0000000010018f60 f   NativeLib:lodepng.obj
 0001:000183b0       lodepng_inflate            00000000100193b0 f   NativeLib:lodepng.obj
 0001:000185c0       lodepng_info_cleanup       00000000100195c0 f   NativeLib:lodepng.obj
 0001:00018620       lodepng_info_copy          0000000010019620 f   NativeLib:lodepng.obj
 0001:00018750       lodepng_info_init          0000000010019750 f   NativeLib:lodepng.obj
 0001:00018860       lodepng_inspect            0000000010019860 f   NativeLib:lodepng.obj
 0001:00018cb0       lodepng_inspect_chunk      0000000010019cb0 f   NativeLib:lodepng.obj
 0001:000190d0       lodepng_is_alpha_type      000000001001a0d0 f   NativeLib:lodepng.obj
 0001:00019120       lodepng_is_greyscale_type  000000001001a120 f   NativeLib:lodepng.obj
 0001:00019170       lodepng_is_palette_type    000000001001a170 f   NativeLib:lodepng.obj
 0001:00019320       lodepng_palette_add        000000001001a320 f   NativeLib:lodepng.obj
 0001:00019410       lodepng_palette_clear      000000001001a410 f   NativeLib:lodepng.obj
 0001:00019730       lodepng_set_icc            000000001001a730 f   NativeLib:lodepng.obj
 0001:000197a0       lodepng_state_cleanup      000000001001a7a0 f   NativeLib:lodepng.obj
 0001:000197f0       lodepng_state_copy         000000001001a7f0 f   NativeLib:lodepng.obj
 0001:000198c0       lodepng_state_init         000000001001a8c0 f   NativeLib:lodepng.obj
 0001:00019980       lodepng_zlib_compress      000000001001a980 f   NativeLib:lodepng.obj
 0001:00019b70       lodepng_zlib_decompress    000000001001ab70 f   NativeLib:lodepng.obj
 0001:00020b40       f_close                    0000000010021b40 f   NativeLib:ff.obj
 0001:00020ba0       f_closedir                 0000000010021ba0 f   NativeLib:ff.obj
 0001:00020bf0       f_getfree                  0000000010021bf0 f   NativeLib:ff.obj
 0001:00020ed0       f_lseek                    0000000010021ed0 f   NativeLib:ff.obj
 0001:00021410       f_mkdir                    0000000010022410 f   NativeLib:ff.obj
 0001:00021750       f_mkfs                     0000000010022750 f   NativeLib:ff.obj
 0001:00023300       f_mount                    0000000010024300 f   NativeLib:ff.obj
 0001:000233c0       f_open                     00000000100243c0 f   NativeLib:ff.obj
 0001:00023a80       f_opendir                  0000000010024a80 f   NativeLib:ff.obj
 0001:00023c40       f_read                     0000000010024c40 f   NativeLib:ff.obj
 0001:000240a0       f_readdir                  00000000100250a0 f   NativeLib:ff.obj
 0001:00024150       f_rename                   0000000010025150 f   NativeLib:ff.obj
 0001:00024610       f_stat                     0000000010025610 f   NativeLib:ff.obj
 0001:000246b0       f_sync                     00000000100256b0 f   NativeLib:ff.obj
 0001:00024a00       f_truncate                 0000000010025a00 f   NativeLib:ff.obj
 0001:00024bb0       f_unlink                   0000000010025bb0 f   NativeLib:ff.obj
 0001:00024df0       f_write                    0000000010025df0 f   NativeLib:ff.obj
 0001:00028620       ff_oem2uni                 0000000010029620 f   NativeLib:ffunicode.obj
 0001:00028730       ff_uni2oem                 0000000010029730 f   NativeLib:ffunicode.obj
 0001:00028840       ff_wtoupper                0000000010029840 f   NativeLib:ffunicode.obj
 0001:00028a10       disk_initialize            0000000010029a10 f   NativeLib:diskio.obj
 0001:00028a40       disk_ioctl                 0000000010029a40 f   NativeLib:diskio.obj
 0001:00028ac0       disk_read                  0000000010029ac0 f   NativeLib:diskio.obj
 0001:00028b00       disk_status                0000000010029b00 f   NativeLib:diskio.obj
 0001:00028b30       disk_write                 0000000010029b30 f   NativeLib:diskio.obj
 0001:0002b1b0       fctprintf                  000000001002c1b0 f   LibC:printf.obj
 0001:0002b230       printf_                    000000001002c230 f   LibC:printf.obj
 0001:0002b2a0       snprintf_                  000000001002c2a0 f   LibC:printf.obj
 0001:0002b300       sprintf_                   000000001002c300 f   LibC:printf.obj
 0001:0002b370       vprintf_                   000000001002c370 f   LibC:printf.obj
 0001:0002b3c0       vsnprintf_                 000000001002c3c0 f   LibC:printf.obj
 0002:00000000       unbox_UInt8__ToString      000000001002d000     MOOS.obj
 0002:0000000c       unbox_Int32__ToString      000000001002d00c     MOOS.obj
 0002:00000018       unbox_UInt16__ToString     000000001002d018     MOOS.obj
 0002:00000024       unbox_UInt32__ToString     000000001002d024     MOOS.obj
 0002:00000030       unbox_UInt64__ToString     000000001002d030     MOOS.obj
 0003:00000000       MOOS_Program__USBMouseTest 000000001002e000     MOOS.obj
 0003:00000040       MOOS_Program__USBKeyboardTest 000000001002e040     MOOS.obj
 0003:00000078       KMain                      000000001002e078     MOOS.obj
 0003:00000078       MOOS_Program__KMain        000000001002e078     MOOS.obj
 0003:00000394       MOOS_Program__SMain        000000001002e394     MOOS.obj
 0003:00000448       MOOS_UIMoos___ctor         000000001002e448     MOOS.obj
 0003:00002544       MOOS_UIMoos__onMinus       0000000010030544     MOOS.obj
 0003:0000258c       MOOS_UIMoos__onPlus        000000001003058c     MOOS.obj
 0003:000025d4       MOOS_UIMoos__onDelete      00000000100305d4     MOOS.obj
 0003:0000265c       MOOS_UIMoos__onEnter       000000001003065c     MOOS.obj
 0003:000026f0       MOOS_UIMoos__onClick       00000000100306f0     MOOS.obj
 0003:00002768       MOOS_Allocator__GetPageIndexStart 0000000010030768     MOOS.obj
 0003:000027bc       MOOS_Allocator__Free       00000000100307bc     MOOS.obj
 0003:0000290c       MOOS_Allocator__Initialize 000000001003090c     MOOS.obj
 0003:000029a0       MOOS_Allocator__Allocate   00000000100309a0     MOOS.obj
 0003:00002b44       MOOS_Allocator__Reallocate 0000000010030b44     MOOS.obj
 0003:00002c3c       MOOS_GDT__Initialise       0000000010030c3c     MOOS.obj
 0003:00002d18       MOOS_IDT__Initialize       0000000010030d18     MOOS.obj
 0003:00002e0c       MOOS_IDT__ExceptionHandler 0000000010030e0c     MOOS.obj
 0003:00002e0c       exception_handler          0000000010030e0c     MOOS.obj
 0003:00003228       MOOS_IDT__IRQHandler       0000000010031228     MOOS.obj
 0003:00003228       irq_handler                0000000010031228     MOOS.obj
 0003:00003348       MOOS_Native__Load_GDT      0000000010031348     MOOS.obj
 0003:0000339c       MOOS_Native__Load_IDT      000000001003139c     MOOS.obj
 0003:000033f0       MOOS_MOOS_API__HandleSystemCall 00000000100313f0     MOOS.obj
 0003:00003654       MOOS_MOOS_API__API_DrawPoint 0000000010031654     MOOS.obj
 0003:00003694       MOOS_MOOS_API__API_SwitchToConsoleMode 0000000010031694     MOOS.obj
 0003:0000369c       MOOS_MOOS_API__API_ReadAllBytes 000000001003169c     MOOS.obj
 0003:00003780       MOOS_MOOS_API__API_Sleep   0000000010031780     MOOS.obj
 0003:00003788       MOOS_MOOS_API__API_GetTick 0000000010031788     MOOS.obj
 0003:0000379c       MOOS_MOOS_API__API_Write   000000001003179c     MOOS.obj
 0003:000037a8       MOOS_MOOS_API__API_WriteLine 00000000100317a8     MOOS.obj
 0003:000037b0       MOOS_MOOS_API__API_Allocate 00000000100317b0     MOOS.obj
 0003:000037b8       MOOS_MOOS_API__API_Free    00000000100317b8     MOOS.obj
 0003:000037c0       MOOS_MOOS_API__API_Reallocate 00000000100317c0     MOOS.obj
 0003:000037c8       MOOS_MOOS_API__SayHello    00000000100317c8     MOOS.obj
 0003:000037d4       MOOS_MOOS_API__API_Debug_WriteLine 00000000100317d4     MOOS.obj
 0003:000037fc       MOOS_MOOS_API__API_Graphics_FillRectangle 00000000100317fc     MOOS.obj
 0003:0000383c       MOOS_MOOS_API__API_Graphics_DrawChar 000000001003183c     MOOS.obj
 0003:0000388c       MOOS_MOOS_API__API_Graphics_DrawString 000000001003188c     MOOS.obj
 0003:000038dc       MOOS_MOOS_API__API_UIFrameBuffer 00000000100318dc     MOOS.obj
 0003:00003924       MOOS_MOOS_API__API_UIFrameBuffer_Update 0000000010031924     MOOS.obj
 0003:00003b24       MOOS_MOOS_AC97__Initialize 0000000010031b24     MOOS.obj
 0003:00003e34       MOOS_MOOS_AC97__OnInterrupt 0000000010031e34     MOOS.obj
 0003:00004044       MOOS_MOOS_Framebuffer__set_TripleBuffered 0000000010032044     MOOS.obj
 0003:000040c8       MOOS_MOOS_Framebuffer__Update 00000000100320c8     MOOS.obj
 0003:00004198       MOOS_MOOS_Framebuffer__Initialize 0000000010032198     MOOS.obj
 0003:000042d0       MOOS_MOOS_Keyboard__InvokeOnKeyChanged 00000000100322d0     MOOS.obj
 0003:00004334       MOOS_MOOS_Keyboard__CleanKeyInfo 0000000010032334     MOOS.obj
 0003:00004360       MOOS_MOOS_PCI__Initialise  0000000010032360     MOOS.obj
 0003:00004434       MOOS_MOOS_PCI__CheckBus    0000000010032434     MOOS.obj
 0003:000044f0       MOOS_MOOS_PCI__CheckFunction 00000000100324f0     MOOS.obj
 0003:00004564       MOOS_MOOS_PCI__GetDevice_0 0000000010032564     MOOS.obj
 0003:000045dc       MOOS_MOOS_PCI__GetDevice_1 00000000100325dc     MOOS.obj
 0003:00004650       MOOS_MOOS_PCI__WriteRegister32 0000000010032650     MOOS.obj
 0003:000046ec       MOOS_MOOS_PCI__ReadRegister32 00000000100326ec     MOOS.obj
 0003:00004784       MOOS_MOOS_PCI__GetAddressBase 0000000010032784     MOOS.obj
 0003:000047a8       MOOS_MOOS_PIC__Disable     00000000100327a8     MOOS.obj
 0003:00004994       MOOS_MOOS_PIC__EoiSlave    0000000010032994     MOOS.obj
 0003:00004a38       MOOS_MOOS_PIC___cctor      0000000010032a38     MOOS.obj
 0003:00004a9c       MOOS_MOOS_PS2Keyboard__Initialize 0000000010032a9c     MOOS.obj
 0003:00004f5c       MOOS_MOOS_PS2Keyboard__OnInterrupt 0000000010032f5c     MOOS.obj
 0003:00004fb4       MOOS_MOOS_PS2Keyboard__ProcessKey 0000000010032fb4     MOOS.obj
 0003:0000518c       MOOS_MOOS_PS2Mouse__Initialise 000000001003318c     MOOS.obj
 0003:00005390       MOOS_MOOS_PS2Mouse__WriteRegister 0000000010033390     MOOS.obj
 0003:0000547c       MOOS_MOOS_PS2Mouse__OnInterrupt 000000001003347c     MOOS.obj
 0003:00005640       MOOS_MOOS_RTC__get_Second  0000000010033640     MOOS.obj
 0003:000056d8       MOOS_MOOS_RTC__get_Minute  00000000100336d8     MOOS.obj
 0003:00005774       MOOS_MOOS_RTC__get_Hour    0000000010033774     MOOS.obj
 0003:00005828       MOOS_MOOS_RTC__get_Century 0000000010033828     MOOS.obj
 0003:000058c4       MOOS_MOOS_RTC__get_Year    00000000100338c4     MOOS.obj
 0003:00005960       MOOS_MOOS_RTC__get_Month   0000000010033960     MOOS.obj
 0003:000059fc       MOOS_MOOS_RTC__get_Day     00000000100339fc     MOOS.obj
 0003:00005a98       MOOS_MOOS_SATA__Initialize 0000000010033a98     MOOS.obj
 0003:00005df4       MOOS_MOOS_SATA__CheckPortType 0000000010033df4     MOOS.obj
 0003:00005e50       MOOS_MOOS_Serial__Initialise 0000000010033e50     MOOS.obj
 0003:00005fb0       MOOS_MOOS_Serial__Write    0000000010033fb0     MOOS.obj
 0003:00005ff8       MOOS_MOOS_Serial__Write_0  0000000010033ff8     MOOS.obj
 0003:00006080       MOOS_MOOS_Serial__WriteLine 0000000010034080     MOOS.obj
 0003:000060bc       MOOS_MOOS_INTs___cctor     00000000100340bc     MOOS.obj
 0003:00006104       MOOS_MOOS_ASC16__DrawChar  0000000010034104     MOOS.obj
 0003:00006198       MOOS_MOOS_Console__Setup   0000000010034198     MOOS.obj
 0003:00006250       MOOS_MOOS_Console__Wait_1  0000000010034250     MOOS.obj
 0003:00006398       MOOS_MOOS_Console__Write   0000000010034398     MOOS.obj
 0003:00006420       MOOS_MOOS_Console__Back    0000000010034420     MOOS.obj
 0003:0000645c       MOOS_MOOS_Console__Write_0 000000001003445c     MOOS.obj
 0003:000064e0       MOOS_MOOS_Console__WriteFramebuffer 00000000100344e0     MOOS.obj
 0003:000065ec       MOOS_MOOS_Console__ReadKey 00000000100345ec     MOOS.obj
 0003:000066a4       MOOS_MOOS_Console__MoveUp  00000000100346a4     MOOS.obj
 0003:000066d8       MOOS_MOOS_Console__MoveUpFramebuffer 00000000100346d8     MOOS.obj
 0003:00006784       MOOS_MOOS_Console__UpdateCursorFramebuffer 0000000010034784     MOOS.obj
 0003:00006834       MOOS_MOOS_Console__WriteLine 0000000010034834     MOOS.obj
 0003:00006898       MOOS_MOOS_Console__WriteLine_0 0000000010034898     MOOS.obj
 0003:000068dc       MOOS_MOOS_Console__Clear   00000000100348dc     MOOS.obj
 0003:000068f8       MOOS_MOOS_Console__ClearFramebuffer 00000000100348f8     MOOS.obj
 0003:000069b4       MOOS_MOOS_FPSMeter__Update 00000000100349b4     MOOS.obj
 0003:00006a10       MOOS_MOOS_PageTable__Initialise 0000000010034a10     MOOS.obj
 0003:00006b00       MOOS_MOOS_PageTable__GetPage 0000000010034b00     MOOS.obj
 0003:00006bac       MOOS_MOOS_PageTable__Next  0000000010034bac     MOOS.obj
 0003:00006c50       MOOS_MOOS_SMP__ApplicationProcessorMain 0000000010034c50     MOOS.obj
 0003:00006ccc       MOOS_MOOS_SMP__Initialize  0000000010034ccc     MOOS.obj
 0003:00006eb4       MOOS_MOOS_stdio___putchar  0000000010034eb4     MOOS.obj
 0003:00006eb4       _putchar                   0000000010034eb4     MOOS.obj
 0003:00006ec8       MOOS_MOOS_stdio__fopen     0000000010034ec8     MOOS.obj
 0003:00006ec8       fopen                      0000000010034ec8     MOOS.obj
 0003:0000701c       MOOS_MOOS_stdio__fseek     000000001003501c     MOOS.obj
 0003:0000701c       fseek                      000000001003501c     MOOS.obj
 0003:00007034       MOOS_MOOS_stdio__fread     0000000010035034     MOOS.obj
 0003:00007034       fread                      0000000010035034     MOOS.obj
 0003:00007098       MOOS_MOOS_stdlib__malloc   0000000010035098     MOOS.obj
 0003:00007098       malloc                     0000000010035098     MOOS.obj
 0003:000070a8       MOOS_MOOS_stdlib__free     00000000100350a8     MOOS.obj
 0003:000070a8       free                       00000000100350a8     MOOS.obj
 0003:000070b8       MOOS_MOOS_stdlib__realloc  00000000100350b8     MOOS.obj
 0003:000070b8       realloc                    00000000100350b8     MOOS.obj
 0003:000070c8       MOOS_MOOS_stdlib__calloc   00000000100350c8     MOOS.obj
 0003:000070c8       calloc                     00000000100350c8     MOOS.obj
 0003:0000713c       MOOS_MOOS_stdlib__kmalloc  000000001003513c     MOOS.obj
 0003:0000713c       kmalloc                    000000001003513c     MOOS.obj
 0003:0000714c       MOOS_MOOS_stdlib__kfree    000000001003514c     MOOS.obj
 0003:0000714c       kfree                      000000001003514c     MOOS.obj
 0003:0000715c       MOOS_MOOS_stdlib__krealloc 000000001003515c     MOOS.obj
 0003:0000715c       krealloc                   000000001003515c     MOOS.obj
 0003:0000716c       MOOS_MOOS_stdlib__kcalloc  000000001003516c     MOOS.obj
 0003:0000716c       kcalloc                    000000001003516c     MOOS.obj
 0003:000071e0       MOOS_MOOS_Misc_Audio__Initialize 00000000100351e0     MOOS.obj
 0003:00007250       Entry                      0000000010035250     MOOS.obj
 0003:00007250       MOOS_MOOS_Misc_EntryPoint__Entry 0000000010035250     MOOS.obj
 0003:000075fc       MOOS_MOOS_Misc_IFont__DrawChar 00000000100355fc     MOOS.obj
 0003:000077d0       MOOS_MOOS_Misc_IFont__MeasureString 00000000100357d0     MOOS.obj
 0003:00007844       MOOS_MOOS_Misc_IFont__DrawString_0 0000000010035844     MOOS.obj
 0003:00007998       MOOS_MOOS_Misc_Interrupts__EnableInterrupt_0 0000000010035998     MOOS.obj
 0003:00007a00       MOOS_MOOS_Misc_Interrupts__HandleInterrupt 0000000010035a00     MOOS.obj
 0003:00007a68       MOOS_MOOS_Misc_Panic__Error 0000000010035a68     MOOS.obj
 0003:00007af0       MOOS_MOOS_Misc_PNG___ctor  0000000010035af0     MOOS.obj
 0003:00007cc8       MOOS_MOOS_Misc_PNG__SwapLeftRight32 0000000010035cc8     MOOS.obj
 0003:00007cf8       MOOS_MOOS_Misc_PNG__lodepng_decode_memory 0000000010035cf8     MOOS.obj
 0003:00007d94       MOOS_MOOS_Misc_Thread__NewThread 0000000010035d94     MOOS.obj
 0003:00007e34       MOOS_MOOS_Misc_Thread__Start 0000000010035e34     MOOS.obj
 0003:00007eb8       MOOS_MOOS_Misc_Thread__Start_0 0000000010035eb8     MOOS.obj
 0003:00007f9c       MOOS_MOOS_Misc_ThreadPool__Initialize 0000000010035f9c     MOOS.obj
 0003:00008150       MOOS_MOOS_Misc_ThreadPool__Terminate 0000000010036150     MOOS.obj
 0003:00008234       MOOS_MOOS_Misc_ThreadPool__IdleThread 0000000010036234     MOOS.obj
 0003:00008278       MOOS_MOOS_Misc_ThreadPool__get_CanLock 0000000010036278     MOOS.obj
 0003:00008294       MOOS_MOOS_Misc_ThreadPool__Lock 0000000010036294     MOOS.obj
 0003:000082cc       MOOS_MOOS_Misc_ThreadPool__Schedule 00000000100362cc     MOOS.obj
 0003:0000863c       MOOS_MOOS_Misc_USBDevice___ctor 000000001003663c     MOOS.obj
 0003:00008640       MOOS_MOOS_Misc_USBRequest__Clean 0000000010036640     MOOS.obj
 0003:000086b0       MOOS_MOOS_Misc_USB__OnInterrupt 00000000100366b0     MOOS.obj
 0003:000087bc       MOOS_MOOS_Misc_USB__DriveDevice 00000000100367bc     MOOS.obj
 0003:00008864       MOOS_MOOS_Misc_USB__StartPolling 0000000010036864     MOOS.obj
 0003:0000889c       MOOS_MOOS_Misc_USB__LoopPoll 000000001003689c     MOOS.obj
 0003:000088f4       MOOS_MOOS_Memory_ManagedMemoryBlock___ctor_1 00000000100368f4     MOOS.obj
 0003:000089a4       MOOS_MOOS_Memory_ManagedMemoryBlock__get_Item 00000000100369a4     MOOS.obj
 0003:000089d0       MOOS_MOOS_Memory_ManagedMemoryBlock__Read32 00000000100369d0     MOOS.obj
 0003:000089fc       MOOS_MOOS_IOGroup_PCI___ctor 00000000100369fc     MOOS.obj
 0003:00008a48       MOOS_MOOS_IOGroup_PIC___ctor 0000000010036a48     MOOS.obj
 0003:00008aec       MOOS_MOOS_IOGroup_Network_AMDPCNetIIIOGroup___ctor 0000000010036aec     MOOS.obj
 0003:00008b9c       MOOS_MOOS_Graph_Graphics__Update 0000000010036b9c     MOOS.obj
 0003:00008ba0       MOOS_MOOS_Graph_Graphics__Clear 0000000010036ba0     MOOS.obj
 0003:00008c08       MOOS_MOOS_Graph_Graphics__Copy 0000000010036c08     MOOS.obj
 0003:00008ca4       MOOS_MOOS_Graph_Graphics__FillRectangle 0000000010036ca4     MOOS.obj
 0003:00008d1c       MOOS_MOOS_Graph_Graphics__AFillRectangle 0000000010036d1c     MOOS.obj
 0003:00008d94       MOOS_MOOS_Graph_Graphics__GetPoint 0000000010036d94     MOOS.obj
 0003:00008dc0       MOOS_MOOS_Graph_Graphics__DrawPoint 0000000010036dc0     MOOS.obj
 0003:00008eb0       MOOS_MOOS_Graph_Graphics__DrawRectangle 0000000010036eb0     MOOS.obj
 0003:00008f6c       MOOS_MOOS_Graph_Graphics__DrawImage 0000000010036f6c     MOOS.obj
 0003:000091c4       MOOS_MOOS_Graph_Graphics__FPartOfNumber 00000000100371c4     MOOS.obj
 0003:000091f4       MOOS_MOOS_Graph_Graphics__DrawPoint_0 00000000100371f4     MOOS.obj
 0003:0000925c       MOOS_MOOS_Graph_Graphics__DrawLine 000000001003725c     MOOS.obj
 0003:00009434       MOOS_MOOS_NET_RTL8139___ctor 0000000010037434     MOOS.obj
 0003:00009884       MOOS_MOOS_NET_RTL8139__HandleNetworkInterrupt 0000000010037884     MOOS.obj
 0003:00009bd4       MOOS_MOOS_NET_RTL8139__get_MACAddress 0000000010037bd4     MOOS.obj
 0003:00009bdc       MOOS_MOOS_NET_RTL8139__Enable 0000000010037bdc     MOOS.obj
 0003:00009ca0       MOOS_MOOS_NET_RTL8139__get_Ready 0000000010037ca0     MOOS.obj
 0003:00009d14       MOOS_MOOS_NET_RTL8139__QueueBytes 0000000010037d14     MOOS.obj
 0003:00009dc4       MOOS_MOOS_NET_RTL8139__get_Name 0000000010037dc4     MOOS.obj
 0003:00009dcc       MOOS_MOOS_NET_RTL8139__ReadRawData 0000000010037dcc     MOOS.obj
 0003:00009e94       MOOS_MOOS_NET_RTL8139__SoftwareReset 0000000010037e94     MOOS.obj
 0003:00009f54       MOOS_MOOS_NET_RTL8139__SendBytes 0000000010037f54     MOOS.obj
 0003:0000a354       MOOS_MOOS_NET_EthernetPacket__InitFields 0000000010038354     MOOS.obj
 0003:0000a3ec       MOOS_MOOS_NET_EthernetPacket___ctor_2 00000000100383ec     MOOS.obj
 0003:0000a4b4       MOOS_MOOS_NET_EthernetPacket__set_SourceMAC 00000000100384b4     MOOS.obj
 0003:0000a504       MOOS_MOOS_NET_EthernetPacket__set_DestinationMAC 0000000010038504     MOOS.obj
 0003:0000a54c       MOOS_MOOS_NET_EthernetPacket__ToString 000000001003854c     MOOS.obj
 0003:0000a634       MOOS_MOOS_NET_MACAddress___cctor 0000000010038634     MOOS.obj
 0003:0000a6f0       MOOS_MOOS_NET_MACAddress___ctor 00000000100386f0     MOOS.obj
 0003:0000a7b0       MOOS_MOOS_NET_MACAddress___ctor_0 00000000100387b0     MOOS.obj
 0003:0000a8c0       MOOS_MOOS_NET_MACAddress__Equals 00000000100388c0     MOOS.obj
 0003:0000a9e4       MOOS_MOOS_NET_MACAddress__PutByte 00000000100389e4     MOOS.obj
 0003:0000aa58       MOOS_MOOS_NET_MACAddress__To32BitNumber 0000000010038a58     MOOS.obj
 0003:0000aad4       MOOS_MOOS_NET_MACAddress__ToString 0000000010038ad4     MOOS.obj
 0003:0000abd8       MOOS_MOOS_NET_NetworkConsoleger__Send 0000000010038bd8     MOOS.obj
 0003:0000ac88       MOOS_MOOS_NET_NetworkDevice___cctor 0000000010038c88     MOOS.obj
 0003:0000acd4       MOOS_MOOS_NET_NetworkDevice__QueueBytes 0000000010038cd4     MOOS.obj
 0003:0000ace4       MOOS_MOOS_NET_Network__Initialize 0000000010038ce4     MOOS.obj
 0003:0000b248       MOOS_MOOS_NET_NetworkStack__Initialize 0000000010039248     MOOS.obj
 0003:0000b2a4       MOOS_MOOS_NET_NetworkStack__SetConfigIP 00000000100392a4     MOOS.obj
 0003:0000b434       MOOS_MOOS_NET_NetworkStack__ConfigIP 0000000010039434     MOOS.obj
 0003:0000b4b0       MOOS_MOOS_NET_NetworkStack__RemoveAllConfigIP 00000000100394b0     MOOS.obj
 0003:0000b508       MOOS_MOOS_NET_NetworkStack__RemoveIPConfig 0000000010039508     MOOS.obj
 0003:0000b59c       MOOS_MOOS_NET_NetworkStack__HandlePacket 000000001003959c     MOOS.obj
 0003:0000b648       MOOS_MOOS_NET_IPv4_Address___ctor_0 0000000010039648     MOOS.obj
 0003:0000b714       MOOS_MOOS_NET_IPv4_Address__IsBroadcastAddress 0000000010039714     MOOS.obj
 0003:0000b76c       MOOS_MOOS_NET_IPv4_Address__ToString 000000001003976c     MOOS.obj
 0003:0000b84c       MOOS_MOOS_NET_IPv4_Address__to32BitNumber 000000001003984c     MOOS.obj
 0003:0000b8a4       MOOS_MOOS_NET_IPv4_Address__CompareTo 00000000100398a4     MOOS.obj
 0003:0000b8f8       MOOS_MOOS_NET_IPv4_Address___cctor 00000000100398f8     MOOS.obj
 0003:0000b9fc       MOOS_MOOS_NET_IPv4_ICMPClient___cctor 00000000100399fc     MOOS.obj
 0003:0000ba30       MOOS_MOOS_NET_IPv4_ICMPClient__GetClient 0000000010039a30     MOOS.obj
 0003:0000ba98       MOOS_MOOS_NET_IPv4_ICMPClient__ReceiveData 0000000010039a98     MOOS.obj
 0003:0000bac0       MOOS_MOOS_NET_IPv4_ICMPPacket__ICMPHandler 0000000010039ac0     MOOS.obj
 0003:0000bbf8       MOOS_MOOS_NET_IPv4_ICMPPacket__InitFields 0000000010039bf8     MOOS.obj
 0003:0000bc7c       MOOS_MOOS_NET_IPv4_ICMPPacket___ctor_1 0000000010039c7c     MOOS.obj
 0003:0000be20       MOOS_MOOS_NET_IPv4_ICMPPacket__ToString 0000000010039e20     MOOS.obj
 0003:0000bf48       MOOS_MOOS_NET_IPv4_ICMPEchoRequest__InitFields 0000000010039f48     MOOS.obj
 0003:0000bfd4       MOOS_MOOS_NET_IPv4_ICMPEchoRequest__ToString 0000000010039fd4     MOOS.obj
 0003:0000c0fc       MOOS_MOOS_NET_IPv4_ICMPEchoReply__InitFields 000000001003a0fc     MOOS.obj
 0003:0000c188       MOOS_MOOS_NET_IPv4_ICMPEchoReply___ctor_1 000000001003a188     MOOS.obj
 0003:0000c2f0       MOOS_MOOS_NET_IPv4_ICMPEchoReply__ToString 000000001003a2f0     MOOS.obj
 0003:0000c418       MOOS_MOOS_NET_IPv4_IPPacket__IPv4Handler 000000001003a418     MOOS.obj
 0003:0000c5f0       MOOS_MOOS_NET_IPv4_IPPacket__InitFields 000000001003a5f0     MOOS.obj
 0003:0000c7ac       MOOS_MOOS_NET_IPv4_IPPacket___ctor_3 000000001003a7ac     MOOS.obj
 0003:0000c9d0       MOOS_MOOS_NET_IPv4_IPPacket__SumShortValues 000000001003a9d0     MOOS.obj
 0003:0000ca74       MOOS_MOOS_NET_IPv4_IPPacket__ToString 000000001003aa74     MOOS.obj
 0003:0000cbe4       MOOS_MOOS_NET_IPv4_OutgoingBuffer__EnsureQueueExists 000000001003abe4     MOOS.obj
 0003:0000cc3c       MOOS_MOOS_NET_IPv4_OutgoingBuffer__AddPacket 000000001003ac3c     MOOS.obj
 0003:0000ccc4       MOOS_MOOS_NET_IPv4_OutgoingBuffer__Send 000000001003acc4     MOOS.obj
 0003:0000d264       MOOS_MOOS_NET_IPv4_OutgoingBuffer__ARPCache_Update 000000001003b264     MOOS.obj
 0003:0000d3cc       MOOS_MOOS_NET_IPv4_UDP_UdpClient___cctor 000000001003b3cc     MOOS.obj
 0003:0000d400       MOOS_MOOS_NET_IPv4_UDP_UdpClient__GetClient 000000001003b400     MOOS.obj
 0003:0000d4a8       MOOS_MOOS_NET_IPv4_UDP_UdpClient___ctor 000000001003b4a8     MOOS.obj
 0003:0000d4c4       MOOS_MOOS_NET_IPv4_UDP_UdpClient___ctor_0 000000001003b4c4     MOOS.obj
 0003:0000d598       MOOS_MOOS_NET_IPv4_UDP_UdpClient__Close 000000001003b598     MOOS.obj
 0003:0000d5dc       MOOS_MOOS_NET_IPv4_UDP_UdpClient__ReceiveData 000000001003b5dc     MOOS.obj
 0003:0000d658       MOOS_MOOS_NET_IPv4_UDP_UdpClient__Dispose 000000001003b658     MOOS.obj
 0003:0000d678       MOOS_MOOS_NET_IPv4_UDP_UDPPacket__UDPHandler 000000001003b678     MOOS.obj
 0003:0000d73c       MOOS_MOOS_NET_IPv4_UDP_UDPPacket__MakePacket 000000001003b73c     MOOS.obj
 0003:0000d82c       MOOS_MOOS_NET_IPv4_UDP_UDPPacket__InitFields 000000001003b82c     MOOS.obj
 0003:0000d938       MOOS_MOOS_NET_IPv4_UDP_UDPPacket__ToString 000000001003b938     MOOS.obj
 0003:0000daa0       MOOS_MOOS_NET_IPv4_UDP_DNS_DNSPacket__DNSHandler 000000001003baa0     MOOS.obj
 0003:0000db10       MOOS_MOOS_NET_IPv4_UDP_DNS_DNSPacket__InitFields 000000001003bb10     MOOS.obj
 0003:0000dc9c       MOOS_MOOS_NET_IPv4_UDP_DNS_DNSPacket__ToString 000000001003bc9c     MOOS.obj
 0003:0000ddc4       MOOS_MOOS_NET_IPv4_UDP_DHCP_DHCPAck__InitFields 000000001003bdc4     MOOS.obj
 0003:0000debc       MOOS_MOOS_NET_IPv4_UDP_DHCP_DHCPClient___ctor 000000001003bebc     MOOS.obj
 0003:0000dec8       MOOS_MOOS_NET_IPv4_UDP_DHCP_DHCPClient__Receive 000000001003bec8     MOOS.obj
 0003:0000e074       MOOS_MOOS_NET_IPv4_UDP_DHCP_DHCPClient__SendDiscoverPacket 000000001003c074     MOOS.obj
 0003:0000e29c       MOOS_MOOS_NET_IPv4_UDP_DHCP_DHCPClient__SendRequestPacket 000000001003c29c     MOOS.obj
 0003:0000e338       MOOS_MOOS_NET_IPv4_UDP_DHCP_DHCPClient__Apply 000000001003c338     MOOS.obj
 0003:0000e590       MOOS_MOOS_NET_IPv4_UDP_DHCP_DHCPDiscover___ctor_1 000000001003c590     MOOS.obj
 0003:0000e690       MOOS_MOOS_NET_IPv4_UDP_DHCP_DHCPOption___ctor 000000001003c690     MOOS.obj
 0003:0000e694       MOOS_MOOS_NET_IPv4_UDP_DHCP_DHCPPacket__DHCPHandler 000000001003c694     MOOS.obj
 0003:0000e730       MOOS_MOOS_NET_IPv4_UDP_DHCP_DHCPPacket___ctor_2 000000001003c730     MOOS.obj
 0003:0000eb00       MOOS_MOOS_NET_IPv4_UDP_DHCP_DHCPPacket__InitFields 000000001003cb00     MOOS.obj
 0003:0000ecd4       MOOS_MOOS_NET_IPv4_UDP_DHCP_DHCPRequest___ctor_1 000000001003ccd4     MOOS.obj
 0003:0000eea8       MOOS_MOOS_NET_IPv4_TCP_TransmissionControlBlock__get_SndUna 000000001003cea8     MOOS.obj
 0003:0000eeac       MOOS_MOOS_NET_IPv4_TCP_TransmissionControlBlock__set_SndUna 000000001003ceac     MOOS.obj
 0003:0000eeb0       MOOS_MOOS_NET_IPv4_TCP_TransmissionControlBlock__get_SndNxt 000000001003ceb0     MOOS.obj
 0003:0000eeb4       MOOS_MOOS_NET_IPv4_TCP_TransmissionControlBlock__set_SndNxt 000000001003ceb4     MOOS.obj
 0003:0000eeb8       MOOS_MOOS_NET_IPv4_TCP_TransmissionControlBlock__get_SndWnd 000000001003ceb8     MOOS.obj
 0003:0000eec0       MOOS_MOOS_NET_IPv4_TCP_TransmissionControlBlock__set_SndWnd 000000001003cec0     MOOS.obj
 0003:0000eec8       MOOS_MOOS_NET_IPv4_TCP_TransmissionControlBlock__set_SndUp 000000001003cec8     MOOS.obj
 0003:0000eecc       MOOS_MOOS_NET_IPv4_TCP_TransmissionControlBlock__get_SndWl1 000000001003cecc     MOOS.obj
 0003:0000eed0       MOOS_MOOS_NET_IPv4_TCP_TransmissionControlBlock__set_SndWl1 000000001003ced0     MOOS.obj
 0003:0000eed4       MOOS_MOOS_NET_IPv4_TCP_TransmissionControlBlock__get_SndWl2 000000001003ced4     MOOS.obj
 0003:0000eed8       MOOS_MOOS_NET_IPv4_TCP_TransmissionControlBlock__set_SndWl2 000000001003ced8     MOOS.obj
 0003:0000eedc       MOOS_MOOS_NET_IPv4_TCP_TransmissionControlBlock__get_ISS 000000001003cedc     MOOS.obj
 0003:0000eee0       MOOS_MOOS_NET_IPv4_TCP_TransmissionControlBlock__set_ISS 000000001003cee0     MOOS.obj
 0003:0000eee4       MOOS_MOOS_NET_IPv4_TCP_TransmissionControlBlock__get_RcvNxt 000000001003cee4     MOOS.obj
 0003:0000eee8       MOOS_MOOS_NET_IPv4_TCP_TransmissionControlBlock__set_RcvNxt 000000001003cee8     MOOS.obj
 0003:0000eeec       MOOS_MOOS_NET_IPv4_TCP_TransmissionControlBlock__get_RcvWnd 000000001003ceec     MOOS.obj
 0003:0000eef0       MOOS_MOOS_NET_IPv4_TCP_TransmissionControlBlock__set_RcvWnd 000000001003cef0     MOOS.obj
 0003:0000eef4       MOOS_MOOS_NET_IPv4_TCP_TransmissionControlBlock__set_RcvUp 000000001003cef4     MOOS.obj
 0003:0000eef8       MOOS_MOOS_NET_IPv4_TCP_TransmissionControlBlock__set_IRS 000000001003cef8     MOOS.obj
 0003:0000eefc       MOOS_MOOS_NET_IPv4_TCP_Tcp___cctor 000000001003cefc     MOOS.obj
 0003:0000f05c       MOOS_MOOS_NET_IPv4_TCP_Tcp__GetConnection 000000001003d05c     MOOS.obj
 0003:0000f12c       MOOS_MOOS_NET_IPv4_TCP_Tcp__get_TCB 000000001003d12c     MOOS.obj
 0003:0000f134       MOOS_MOOS_NET_IPv4_TCP_Tcp__get_Data 000000001003d134     MOOS.obj
 0003:0000f13c       MOOS_MOOS_NET_IPv4_TCP_Tcp__set_Data 000000001003d13c     MOOS.obj
 0003:0000f148       MOOS_MOOS_NET_IPv4_TCP_Tcp__ReceiveData 000000001003d148     MOOS.obj
 0003:0000f328       MOOS_MOOS_NET_IPv4_TCP_Tcp__ProcessListen 000000001003d328     MOOS.obj
 0003:0000f56c       MOOS_MOOS_NET_IPv4_TCP_Tcp__ProcessSynReceived 000000001003d56c     MOOS.obj
 0003:0000f624       MOOS_MOOS_NET_IPv4_TCP_Tcp__ProcessSynSent 000000001003d624     MOOS.obj
 0003:0000f804       MOOS_MOOS_NET_IPv4_TCP_Tcp__ProcessEstablished 000000001003d804     MOOS.obj
 0003:0000fb24       MOOS_MOOS_NET_IPv4_TCP_Tcp__ProcessFinWait1 000000001003db24     MOOS.obj
 0003:0000fbc8       MOOS_MOOS_NET_IPv4_TCP_Tcp__ProcessFinWait2 000000001003dbc8     MOOS.obj
 0003:0000fc1c       MOOS_MOOS_NET_IPv4_TCP_Tcp__ProcessClosing 000000001003dc1c     MOOS.obj
 0003:0000fc28       MOOS_MOOS_NET_IPv4_TCP_Tcp__ProcessCloseWait 000000001003dc28     MOOS.obj
 0003:0000fc38       MOOS_MOOS_NET_IPv4_TCP_Tcp__WaitAndClose 000000001003dc38     MOOS.obj
 0003:0000fc74       MOOS_MOOS_NET_IPv4_TCP_Tcp__SendEmptyPacket 000000001003dc74     MOOS.obj
 0003:0000fd9c       MOOS_MOOS_NET_IPv4_TCP_Tcp__SendEmptyPacket_0 000000001003dd9c     MOOS.obj
 0003:0000feb4       MOOS_MOOS_NET_IPv4_TCP_Tcp__SendPacket 000000001003deb4     MOOS.obj
 0003:0000ff64       MOOS_MOOS_NET_IPv4_TCP_Tcp__Equals 000000001003df64     MOOS.obj
 0003:0000ff74       MOOS_MOOS_NET_IPv4_TCP_TcpClient__Send 000000001003df74     MOOS.obj
 0003:00010360       MOOS_MOOS_NET_IPv4_TCP_TCPOption___ctor 000000001003e360     MOOS.obj
 0003:00010364       MOOS_MOOS_NET_IPv4_TCP_TCPPacket__TCPHandler 000000001003e364     MOOS.obj
 0003:000103c4       MOOS_MOOS_NET_IPv4_TCP_TCPPacket__MakePacket 000000001003e3c4     MOOS.obj
 0003:000106b8       MOOS_MOOS_NET_IPv4_TCP_TCPPacket__InitFields 000000001003e6b8     MOOS.obj
 0003:00010afc       MOOS_MOOS_NET_IPv4_TCP_TCPPacket__AddRawData 000000001003eafc     MOOS.obj
 0003:00010b48       MOOS_MOOS_NET_IPv4_TCP_TCPPacket__MakeHeader 000000001003eb48     MOOS.obj
 0003:00010cd8       MOOS_MOOS_NET_IPv4_TCP_TCPPacket__get_TCP_DataLength 000000001003ecd8     MOOS.obj
 0003:00010cf4       MOOS_MOOS_NET_IPv4_TCP_TCPPacket__get_TCP_Data 000000001003ecf4     MOOS.obj
 0003:00010d5c       MOOS_MOOS_NET_IPv4_TCP_TCPPacket__getFlags 000000001003ed5c     MOOS.obj
 0003:00010df8       MOOS_MOOS_NET_IPv4_TCP_TCPPacket__ToString 000000001003edf8     MOOS.obj
 0003:00010ed4       MOOS_MOOS_NET_Config_DNSConfig__Add 000000001003eed4     MOOS.obj
 0003:00010f3c       MOOS_MOOS_NET_Config_DNSConfig___cctor 000000001003ef3c     MOOS.obj
 0003:00010f88       MOOS_MOOS_NET_Config_IPConfig__Remove 000000001003ef88     MOOS.obj
 0003:00010fe4       MOOS_MOOS_NET_Config_IPConfig__FindNetwork 000000001003efe4     MOOS.obj
 0003:00011138       MOOS_MOOS_NET_Config_IPConfig__Enable 000000001003f138     MOOS.obj
 0003:000111c8       MOOS_MOOS_NET_Config_IPConfig__IsLocalAddress 000000001003f1c8     MOOS.obj
 0003:000112d4       MOOS_MOOS_NET_Config_IPConfig__FindInterface 000000001003f2d4     MOOS.obj
 0003:00011328       MOOS_MOOS_NET_Config_IPConfig__FindRoute 000000001003f328     MOOS.obj
 0003:00011360       MOOS_MOOS_NET_Config_IPConfig___cctor 000000001003f360     MOOS.obj
 0003:000113ac       MOOS_MOOS_NET_Config_NetworkConfiguration__ConfigsContainsDevice 000000001003f3ac     MOOS.obj
 0003:00011410       MOOS_MOOS_NET_Config_NetworkConfiguration__Get 000000001003f410     MOOS.obj
 0003:0001146c       MOOS_MOOS_NET_Config_NetworkConfiguration__Remove 000000001003f46c     MOOS.obj
 0003:000114c4       MOOS_MOOS_NET_Config_NetworkConfiguration___cctor 000000001003f4c4     MOOS.obj
 0003:00011510       MOOS_MOOS_NET_ARP_ARPCache__ensureCacheExists 000000001003f510     MOOS.obj
 0003:00011550       MOOS_MOOS_NET_ARP_ARPCache__Contains 000000001003f550     MOOS.obj
 0003:00011598       MOOS_MOOS_NET_ARP_ARPCache__Update 000000001003f598     MOOS.obj
 0003:0001167c       MOOS_MOOS_NET_ARP_ARPCache__Resolve 000000001003f67c     MOOS.obj
 0003:0001170c       MOOS_MOOS_NET_ARP_ARPPacket__ARPHandler 000000001003f70c     MOOS.obj
 0003:000119e8       MOOS_MOOS_NET_ARP_ARPPacket__InitFields 000000001003f9e8     MOOS.obj
 0003:00011a94       MOOS_MOOS_NET_ARP_ARPPacket___ctor_1 000000001003fa94     MOOS.obj
[...]
 0008:00000262       __1473E23E_corecrt_wstdlib@h 00000000101ba262     NativeLib:ffunicode.obj
 0008:00000263       __AF0983D6_limits@h        00000000101ba263     NativeLib:ffunicode.obj
 0008:00000264       __B49664B7_stdlib@h        00000000101ba264     NativeLib:ffunicode.obj
 0008:00000265       __B47185B4_unknwnbase@h    00000000101ba265     NativeLib:ffunicode.obj
 0008:00000266       __B64C33F8_objidlbase@h    00000000101ba266     NativeLib:ffunicode.obj
 0008:00000267       __EA871F04_cguid@h         00000000101ba267     NativeLib:ffunicode.obj
 0008:00000268       __C78732AB_combaseapi@h    00000000101ba268     NativeLib:ffunicode.obj
 0008:00000269       __744BF5DA_unknwn@h        00000000101ba269     NativeLib:ffunicode.obj
 0008:0000026a       __66C491E7_objidl@h        00000000101ba26a     NativeLib:ffunicode.obj
 0008:0000026b       __A217658B_oaidl@h         00000000101ba26b     NativeLib:ffunicode.obj
 0008:0000026c       __8485F416_propidlbase@h   00000000101ba26c     NativeLib:ffunicode.obj
 0008:0000026d       __65805CE1_coml2api@h      00000000101ba26d     NativeLib:ffunicode.obj
 0008:0000026e       __C7AD586F_oleidl@h        00000000101ba26e     NativeLib:ffunicode.obj
 0008:0000026f       __CBE55221_servprov@h      00000000101ba26f     NativeLib:ffunicode.obj
 0008:00000270       __5B1E268A_msxml@h         00000000101ba270     NativeLib:ffunicode.obj
 0008:00000271       __1B3D3678_urlmon@h        00000000101ba271     NativeLib:ffunicode.obj
 0008:00000272       __EC5BC72C_propidl@h       00000000101ba272     NativeLib:ffunicode.obj
 0008:00000273       __0DD0E8F8_objbase@h       00000000101ba273     NativeLib:ffunicode.obj
 0008:00000274       __6DA674A0_oleauto@h       00000000101ba274     NativeLib:ffunicode.obj
 0008:00000275       __F7931962_ole2@h          00000000101ba275     NativeLib:ffunicode.obj
 0008:00000276       __870E9EB1_commdlg@h       00000000101ba276     NativeLib:ffunicode.obj
 0008:00000277       __A118E6DC_stralign@h      00000000101ba277     NativeLib:ffunicode.obj
 0008:00000278       __8B10FA9F_winsvc@h        00000000101ba278     NativeLib:ffunicode.obj
 0008:00000279       __BEDBF511_mcx@h           00000000101ba279     NativeLib:ffunicode.obj
 0008:0000027a       __D3BCC989_ime_cmodes@h    00000000101ba27a     NativeLib:ffunicode.obj
 0008:0000027b       __B1694579_imm@h           00000000101ba27b     NativeLib:ffunicode.obj
 0008:0000027c       __4D4D253D_windows@h       00000000101ba27c     NativeLib:ffunicode.obj
 0008:0000027d       __A2143F22_corecrt_stdio_config@h 00000000101ba27d     NativeLib:ffunicode.obj
 0008:0000027e       __C6E16F6F_corecrt_wconio@h 00000000101ba27e     NativeLib:ffunicode.obj
 0008:0000027f       __CB8D9B53_corecrt_wdirect@h 00000000101ba27f     NativeLib:ffunicode.obj
 0008:00000280       __A9063C41_corecrt_share@h 00000000101ba280     NativeLib:ffunicode.obj
 0008:00000281       __6D390390_corecrt_wio@h   00000000101ba281     NativeLib:ffunicode.obj
 0008:00000282       __61BDDCD5_corecrt_wprocess@h 00000000101ba282     NativeLib:ffunicode.obj
 0008:00000283       __829E1958_corecrt_wstdio@h 00000000101ba283     NativeLib:ffunicode.obj
 0008:00000284       __1157D6BA_corecrt_wtime@h 00000000101ba284     NativeLib:ffunicode.obj
 0008:00000285       __64F617E8_types@h         00000000101ba285     NativeLib:ffunicode.obj
 0008:00000286       __1DC1E279_stat@h          00000000101ba286     NativeLib:ffunicode.obj
 0008:00000287       __93DC0B45_wchar@h         00000000101ba287     NativeLib:ffunicode.obj
 0008:00000288       __A23411D8_tchar@h         00000000101ba288     NativeLib:ffunicode.obj
 0008:00000289       __D5B31B0D_integer@h       00000000101ba289     NativeLib:ffunicode.obj
 0008:0000028a       __9B09982D_ffconf@h        00000000101ba28a     NativeLib:ffunicode.obj
 0008:0000028b       __8ADFDAC1_ff@h            00000000101ba28b     NativeLib:ffunicode.obj
 0008:0000028c       __C82E0782_ffunicode@c     00000000101ba28c     NativeLib:ffunicode.obj
 0008:0000028d       __D0DFFAC6_winpackagefamily@h 00000000101ba28d     NativeLib:diskio.obj
 0008:0000028e       __D0D0F397_winapifamily@h  00000000101ba28e     NativeLib:diskio.obj
 0008:0000028f       __94A3FDDD_sdkddkver@h     00000000101ba28f     NativeLib:diskio.obj
 0008:00000290       __29CF54F3_concurrencysal@h 00000000101ba290     NativeLib:diskio.obj
 0008:00000291       __413FEA08_sal@h           00000000101ba291     NativeLib:diskio.obj
 0008:00000292       __6972C38F_vadefs@h        00000000101ba292     NativeLib:diskio.obj
 0008:00000293       __E6B4F19D_vcruntime@h     00000000101ba293     NativeLib:diskio.obj
 0008:00000294       __5C016FE4_excpt@h         00000000101ba294     NativeLib:diskio.obj
 0008:00000295       __25A01326_stdarg@h        00000000101ba295     NativeLib:diskio.obj
 0008:00000296       __1C9F390F_specstrings_undef@h 00000000101ba296     NativeLib:diskio.obj
 0008:00000297       __36A21E95_specstrings_strict@h 00000000101ba297     NativeLib:diskio.obj
 0008:00000298       __452FE810_sdv_driverspecs@h 00000000101ba298     NativeLib:diskio.obj
 0008:00000299       __30F344B3_driverspecs@h   00000000101ba299     NativeLib:diskio.obj
 0008:0000029a       __BD886E18_specstrings@h   00000000101ba29a     NativeLib:diskio.obj
 0008:0000029b       __6569C2CA_corecrt@h       00000000101ba29b     NativeLib:diskio.obj
 0008:0000029c       __5DB64B66_corecrt_wctype@h 00000000101ba29c     NativeLib:diskio.obj
 0008:0000029d       __B2D2BA86_ctype@h         00000000101ba29d     NativeLib:diskio.obj
 0008:0000029e       __BF9C347F_kernelspecs@h   00000000101ba29e     NativeLib:diskio.obj
 0008:0000029f       __79C7FC57_basetsd@h       00000000101ba29f     NativeLib:diskio.obj
 0008:000002a0       __CDDAF8CA_errno@h         00000000101ba2a0     NativeLib:diskio.obj
 0008:000002a1       __946B6786_vcruntime_string@h 00000000101ba2a1     NativeLib:diskio.obj
 0008:000002a2       __1FEB9909_corecrt_memcpy_s@h 00000000101ba2a2     NativeLib:diskio.obj
 0008:000002a3       __A751F051_corecrt_memory@h 00000000101ba2a3     NativeLib:diskio.obj
 0008:000002a4       __9200769A_corecrt_wstring@h 00000000101ba2a4     NativeLib:diskio.obj
 0008:000002a5       __32E5F013_string@h        00000000101ba2a5     NativeLib:diskio.obj
 0008:000002a6       __D545DD43_guiddef@h       00000000101ba2a6     NativeLib:diskio.obj
 0008:000002a7       __DF4F952E_pshpack4@h      00000000101ba2a7     NativeLib:diskio.obj
 0008:000002a8       __7FCD0577_poppack@h       00000000101ba2a8     NativeLib:diskio.obj
 0008:000002a9       __DBC2E99C_pshpack2@h      00000000101ba2a9     NativeLib:diskio.obj
 0008:000002aa       __D6556C4A_pshpack8@h      00000000101ba2aa     NativeLib:diskio.obj
 0008:000002ab       __D98457C5_pshpack1@h      00000000101ba2ab     NativeLib:diskio.obj
 0008:000002ac       __614C4572_apiset@h        00000000101ba2ac     NativeLib:diskio.obj
 0008:000002ad       __8500295D_ktmtypes@h      00000000101ba2ad     NativeLib:diskio.obj
 0008:000002ae       __D5DDFBF3_winnt@h         00000000101ba2ae     NativeLib:diskio.obj
 0008:000002af       __156BD51A_minwindef@h     00000000101ba2af     NativeLib:diskio.obj
 0008:000002b0       __F9B9A8F7_windef@h        00000000101ba2b0     NativeLib:diskio.obj
 0008:000002b1       __BD2C4590_apisetcconv@h   00000000101ba2b1     NativeLib:diskio.obj
 0008:000002b2       __18251742_minwinbase@h    00000000101ba2b2     NativeLib:diskio.obj
 0008:000002b3       __23611203_apiquery2@h     00000000101ba2b3     NativeLib:diskio.obj
 0008:000002b4       __C914CD48_processenv@h    00000000101ba2b4     NativeLib:diskio.obj
 0008:000002b5       __996311FD_fileapi@h       00000000101ba2b5     NativeLib:diskio.obj
 0008:000002b6       __41AEF397_fileapifromapp@h 00000000101ba2b6     NativeLib:diskio.obj
 0008:000002b7       __65579FF3_debugapi@h      00000000101ba2b7     NativeLib:diskio.obj
 0008:000002b8       __476FCB5A_utilapiset@h    00000000101ba2b8     NativeLib:diskio.obj
 0008:000002b9       __089D2E42_handleapi@h     00000000101ba2b9     NativeLib:diskio.obj
 0008:000002ba       __B16F04F5_errhandlingapi@h 00000000101ba2ba     NativeLib:diskio.obj
 0008:000002bb       __81CCB02F_fibersapi@h     00000000101ba2bb     NativeLib:diskio.obj
 0008:000002bc       __A9B4C5F0_namedpipeapi@h  00000000101ba2bc     NativeLib:diskio.obj
 0008:000002bd       __C209F2C8_profileapi@h    00000000101ba2bd     NativeLib:diskio.obj
 0008:000002be       __34C22DC8_heapapi@h       00000000101ba2be     NativeLib:diskio.obj
 0008:000002bf       __8A238485_ioapiset@h      00000000101ba2bf     NativeLib:diskio.obj
 0008:000002c0       __4826BA69_synchapi@h      00000000101ba2c0     NativeLib:diskio.obj
 0008:000002c1       __6A31599C_interlockedapi@h 00000000101ba2c1     NativeLib:diskio.obj
 0008:000002c2       __439612F0_processthreadsapi@h 00000000101ba2c2     NativeLib:diskio.obj
 0008:000002c3       __7BB37CFA_sysinfoapi@h    00000000101ba2c3     NativeLib:diskio.obj
 0008:000002c4       __5733279A_memoryapi@h     00000000101ba2c4     NativeLib:diskio.obj
 0008:000002c5       __6D078C0D_enclaveapi@h    00000000101ba2c5     NativeLib:diskio.obj
 0008:000002c6       __3663CE50_threadpoollegacyapiset@h 00000000101ba2c6     NativeLib:diskio.obj
 0008:000002c7       __E16717D9_threadpoolapiset@h 00000000101ba2c7     NativeLib:diskio.obj
 0008:000002c8       __4A6035CC_jobapi@h        00000000101ba2c8     NativeLib:diskio.obj
 0008:000002c9       __62EEB553_jobapi2@h       00000000101ba2c9     NativeLib:diskio.obj
 0008:000002ca       __9F22E7EF_wow64apiset@h   00000000101ba2ca     NativeLib:diskio.obj
 0008:000002cb       __E86B4A9A_libloaderapi@h  00000000101ba2cb     NativeLib:diskio.obj
 0008:000002cc       __EB536E54_securitybaseapi@h 00000000101ba2cc     NativeLib:diskio.obj
 0008:000002cd       __E915C287_namespaceapi@h  00000000101ba2cd     NativeLib:diskio.obj
 0008:000002ce       __C66F44F2_systemtopologyapi@h 00000000101ba2ce     NativeLib:diskio.obj
 0008:000002cf       __B6175B28_processtopologyapi@h 00000000101ba2cf     NativeLib:diskio.obj
 0008:000002d0       __9E4AD838_securityappcontainer@h 00000000101ba2d0     NativeLib:diskio.obj
 0008:000002d1       __F599FDAE_realtimeapiset@h 00000000101ba2d1     NativeLib:diskio.obj
 0008:000002d2       __D4435474_winerror@h      00000000101ba2d2     NativeLib:diskio.obj
 0008:000002d3       __F94F31E6_timezoneapi@h   00000000101ba2d3     NativeLib:diskio.obj
 0008:000002d4       __B3ED30D4_winbase@h       00000000101ba2d4     NativeLib:diskio.obj
 0008:000002d5       __E9F7D11F_wingdi@h        00000000101ba2d5     NativeLib:diskio.obj
 0008:000002d6       __AC21C382_tvout@h         00000000101ba2d6     NativeLib:diskio.obj
 0008:000002d7       __DB057BA3_winuser@h       00000000101ba2d7     NativeLib:diskio.obj
 0008:000002d8       __A1BAD304_datetimeapi@h   00000000101ba2d8     NativeLib:diskio.obj
 0008:000002d9       __30E2BD27_winnls@h        00000000101ba2d9     NativeLib:diskio.obj
 0008:000002da       __B7FF4B97_stringapiset@h  00000000101ba2da     NativeLib:diskio.obj
 0008:000002db       __66C87297_wincontypes@h   00000000101ba2db     NativeLib:diskio.obj
 0008:000002dc       __1317218F_consoleapi@h    00000000101ba2dc     NativeLib:diskio.obj
 0008:000002dd       __8D62D26D_consoleapi2@h   00000000101ba2dd     NativeLib:diskio.obj
 0008:000002de       __8CA0B85A_consoleapi3@h   00000000101ba2de     NativeLib:diskio.obj
 0008:000002df       __CE39E65B_wincon@h        00000000101ba2df     NativeLib:diskio.obj
 0008:000002e0       __F6801ACC_verrsrc@h       00000000101ba2e0     NativeLib:diskio.obj
 0008:000002e1       __1CB844D9_winver@h        00000000101ba2e1     NativeLib:diskio.obj
 0008:000002e2       __D0CFA71C_reason@h        00000000101ba2e2     NativeLib:diskio.obj
 0008:000002e3       __F3D58382_winreg@h        00000000101ba2e3     NativeLib:diskio.obj
 0008:000002e4       __34C28572_wnnc@h          00000000101ba2e4     NativeLib:diskio.obj
 0008:000002e5       __0617DE59_winnetwk@h      00000000101ba2e5     NativeLib:diskio.obj
 0008:000002e6       __93AC9EF8_cderr@h         00000000101ba2e6     NativeLib:diskio.obj
 0008:000002e7       __3AE29FFA_dde@h           00000000101ba2e7     NativeLib:diskio.obj
 0008:000002e8       __48250249_ddeml@h         00000000101ba2e8     NativeLib:diskio.obj
 0008:000002e9       __4605C6DD_dlgs@h          00000000101ba2e9     NativeLib:diskio.obj
 0008:000002ea       __C826BBA2_lzexpand@h      00000000101ba2ea     NativeLib:diskio.obj
 0008:000002eb       __B8DFB118_mmsyscom@h      00000000101ba2eb     NativeLib:diskio.obj
 0008:000002ec       __EDC2A662_mciapi@h        00000000101ba2ec     NativeLib:diskio.obj
 0008:000002ed       __87B17D5B_mmiscapi@h      00000000101ba2ed     NativeLib:diskio.obj
 0008:000002ee       __0C4862FC_mmiscapi2@h     00000000101ba2ee     NativeLib:diskio.obj
 0008:000002ef       __83F5D08C_playsoundapi@h  00000000101ba2ef     NativeLib:diskio.obj
 0008:000002f0       __CA3F1D44_mmeapi@h        00000000101ba2f0     NativeLib:diskio.obj
 0008:000002f1       __BD2270BE_timeapi@h       00000000101ba2f1     NativeLib:diskio.obj
 0008:000002f2       __397CAA2F_joystickapi@h   00000000101ba2f2     NativeLib:diskio.obj
 0008:000002f3       __05A21AEE_mmsystem@h      00000000101ba2f3     NativeLib:diskio.obj
 0008:000002f4       __6E1DF0B6_nb30@h          00000000101ba2f4     NativeLib:diskio.obj
 0008:000002f5       __75098885_rpcdcep@h       00000000101ba2f5     NativeLib:diskio.obj
 0008:000002f6       __D8AC8DD5_rpcdce@h        00000000101ba2f6     NativeLib:diskio.obj
 0008:000002f7       __2F1118EF_rpcnsi@h        00000000101ba2f7     NativeLib:diskio.obj
 0008:000002f8       __0DE10DFC_rpcnterr@h      00000000101ba2f8     NativeLib:diskio.obj
 0008:000002f9       __4497164E_rpcasync@h      00000000101ba2f9     NativeLib:diskio.obj
 0008:000002fa       __06CA6763_rpc@h           00000000101ba2fa     NativeLib:diskio.obj
 0008:000002fb       __C32EC2F2_shellapi@h      00000000101ba2fb     NativeLib:diskio.obj
 0008:000002fc       __B289ECB8_winperf@h       00000000101ba2fc     NativeLib:diskio.obj
 0008:000002fd       __07EA6B7C_inaddr@h        00000000101ba2fd     NativeLib:diskio.obj
 0008:000002fe       __9ED0251E_winsock@h       00000000101ba2fe     NativeLib:diskio.obj
 0008:000002ff       __FD938996_bcrypt@h        00000000101ba2ff     NativeLib:diskio.obj
 0008:00000300       __4E32BFB9_ncrypt@h        00000000101ba300     NativeLib:diskio.obj
 0008:00000301       __815AA9AD_dpapi@h         00000000101ba301     NativeLib:diskio.obj
 0008:00000302       __0B2E95FF_wincrypt@h      00000000101ba302     NativeLib:diskio.obj
 0008:00000303       __288F6C52_winefs@h        00000000101ba303     NativeLib:diskio.obj
 0008:00000304       __B3F2ECA2_rpcnsip@h       00000000101ba304     NativeLib:diskio.obj
 0008:00000305       __AFB43543_rpcsal@h        00000000101ba305     NativeLib:diskio.obj
 0008:00000306       __16A21838_rpcndr@h        00000000101ba306     NativeLib:diskio.obj
 0008:00000307       __5314805F_wtypesbase@h    00000000101ba307     NativeLib:diskio.obj
 0008:00000308       __6EEE3703_wtypes@h        00000000101ba308     NativeLib:diskio.obj
 0008:00000309       __A7113148_winioctl@h      00000000101ba309     NativeLib:diskio.obj
 0008:0000030a       __C595A37C_winsmcrd@h      00000000101ba30a     NativeLib:diskio.obj
 0008:0000030b       __42C56FB7_winscard@h      00000000101ba30b     NativeLib:diskio.obj
 0008:0000030c       __C4703BCA_prsht@h         00000000101ba30c     NativeLib:diskio.obj
 0008:0000030d       __D4D77F19_winspool@h      00000000101ba30d     NativeLib:diskio.obj
 0008:0000030e       __6C20D4D3_corecrt_malloc@h 00000000101ba30e     NativeLib:diskio.obj
 0008:0000030f       __C9393812_stddef@h        00000000101ba30f     NativeLib:diskio.obj
 0008:00000310       __D493B9BD_corecrt_search@h 00000000101ba310     NativeLib:diskio.obj
 0008:00000311       __1473E23E_corecrt_wstdlib@h 00000000101ba311     NativeLib:diskio.obj
 0008:00000312       __AF0983D6_limits@h        00000000101ba312     NativeLib:diskio.obj
 0008:00000313       __B49664B7_stdlib@h        00000000101ba313     NativeLib:diskio.obj
 0008:00000314       __B47185B4_unknwnbase@h    00000000101ba314     NativeLib:diskio.obj
 0008:00000315       __B64C33F8_objidlbase@h    00000000101ba315     NativeLib:diskio.obj
 0008:00000316       __EA871F04_cguid@h         00000000101ba316     NativeLib:diskio.obj
 0008:00000317       __C78732AB_combaseapi@h    00000000101ba317     NativeLib:diskio.obj
 0008:00000318       __744BF5DA_unknwn@h        00000000101ba318     NativeLib:diskio.obj
 0008:00000319       __66C491E7_objidl@h        00000000101ba319     NativeLib:diskio.obj
 0008:0000031a       __A217658B_oaidl@h         00000000101ba31a     NativeLib:diskio.obj
 0008:0000031b       __8485F416_propidlbase@h   00000000101ba31b     NativeLib:diskio.obj
 0008:0000031c       __65805CE1_coml2api@h      00000000101ba31c     NativeLib:diskio.obj
 0008:0000031d       __C7AD586F_oleidl@h        00000000101ba31d     NativeLib:diskio.obj
 0008:0000031e       __CBE55221_servprov@h      00000000101ba31e     NativeLib:diskio.obj
 0008:0000031f       __5B1E268A_msxml@h         00000000101ba31f     NativeLib:diskio.obj
 0008:00000320       __1B3D3678_urlmon@h        00000000101ba320     NativeLib:diskio.obj
 0008:00000321       __EC5BC72C_propidl@h       00000000101ba321     NativeLib:diskio.obj
 0008:00000322       __0DD0E8F8_objbase@h       00000000101ba322     NativeLib:diskio.obj
 0008:00000323       __6DA674A0_oleauto@h       00000000101ba323     NativeLib:diskio.obj
 0008:00000324       __F7931962_ole2@h          00000000101ba324     NativeLib:diskio.obj
 0008:00000325       __870E9EB1_commdlg@h       00000000101ba325     NativeLib:diskio.obj
 0008:00000326       __A118E6DC_stralign@h      00000000101ba326     NativeLib:diskio.obj
 0008:00000327       __8B10FA9F_winsvc@h        00000000101ba327     NativeLib:diskio.obj
 0008:00000328       __BEDBF511_mcx@h           00000000101ba328     NativeLib:diskio.obj
 0008:00000329       __D3BCC989_ime_cmodes@h    00000000101ba329     NativeLib:diskio.obj
 0008:0000032a       __B1694579_imm@h           00000000101ba32a     NativeLib:diskio.obj
 0008:0000032b       __4D4D253D_windows@h       00000000101ba32b     NativeLib:diskio.obj
 0008:0000032c       __A2143F22_corecrt_stdio_config@h 00000000101ba32c     NativeLib:diskio.obj
 0008:0000032d       __C6E16F6F_corecrt_wconio@h 00000000101ba32d     NativeLib:diskio.obj
 0008:0000032e       __CB8D9B53_corecrt_wdirect@h 00000000101ba32e     NativeLib:diskio.obj
 0008:0000032f       __A9063C41_corecrt_share@h 00000000101ba32f     NativeLib:diskio.obj
 0008:00000330       __6D390390_corecrt_wio@h   00000000101ba330     NativeLib:diskio.obj
 0008:00000331       __61BDDCD5_corecrt_wprocess@h 00000000101ba331     NativeLib:diskio.obj
 0008:00000332       __829E1958_corecrt_wstdio@h 00000000101ba332     NativeLib:diskio.obj
 0008:00000333       __1157D6BA_corecrt_wtime@h 00000000101ba333     NativeLib:diskio.obj
 0008:00000334       __64F617E8_types@h         00000000101ba334     NativeLib:diskio.obj
 0008:00000335       __1DC1E279_stat@h          00000000101ba335     NativeLib:diskio.obj
 0008:00000336       __93DC0B45_wchar@h         00000000101ba336     NativeLib:diskio.obj
 0008:00000337       __A23411D8_tchar@h         00000000101ba337     NativeLib:diskio.obj
 0008:00000338       __D5B31B0D_integer@h       00000000101ba338     NativeLib:diskio.obj
 0008:00000339       __4B3448D4_diskio@h        00000000101ba339     NativeLib:diskio.obj
 0008:0000033a       __DCE6915C_diskio@c        00000000101ba33a     NativeLib:diskio.obj
 0009:000000a0       $R000000                   00000000101bb0a0     MOOS.res
 0009:000002e0       $R000240                   00000000101bb2e0     MOOS.res
